2019 03:48:35.485922 fcntl(0, 1, 0x7ffccb9b60d0, 0) = 0 <0.001799>
2019 03:48:35.487800 fcntl(1, 1, 0, 0x7f9cb853aaa0) = 0 <0.000189>
2019 03:48:35.488041 fcntl(2, 1, 0, 0x7f9cb853aaa0) = 0 <0.000179>
2019 03:48:35.488267 signal(SIGPIPE, 0x1)        = nil <0.000183>
2019 03:48:35.488496 malloc(1264)                = 0x5597d8e599a0 <0.000160>
2019 03:48:35.488703 curl_global_init(3, 1264, 0, 0x5597d8e599a0) = 0 <0.002951>
2019 03:48:35.491755 curl_version_info(11, 0x7ffccb9b6f80, 0, 72) = 0x7f9cb87397c0 <0.000233>
2019 03:48:35.492051 curl_strequal(0x5597b4713ee3, 0x7f9cb8702cb9, 0, 0x7f9cb8739aeb) = 0 <0.000169>
2019 03:48:35.492284 curl_strequal(0x5597b4713aca, 0x7f9cb8702cb9, 0, 0x7f9cb8739aeb) = 0 <0.000144>
2019 03:48:35.492484 curl_strequal(0x5597b4712f88, 0x7f9cb8702cb9, 0, 0x7f9cb8739aeb) = 0 <0.000186>
2019 03:48:35.492729 curl_strequal(0x5597b4712f7d, 0x7f9cb8702cb9, 0, 0x7f9cb8739aeb) = 0 <0.000145>
2019 03:48:35.492932 curl_strequal(0x5597b4712f82, 0x7f9cb8702cb9, 0, 0x7f9cb8739aeb) = 0 <0.000149>
2019 03:48:35.493138 curl_strequal(0x5597b4713d5f, 0x7f9cb8702cb9, 0, 0x7f9cb8739aeb) = 0 <0.000146>
2019 03:48:35.493344 curl_strequal(0x5597b4713ab8, 0x7f9cb8702cb9, 0, 0x7f9cb8739aeb) = 0 <0.000145>
2019 03:48:35.493547 curl_strequal(0x5597b4713ac9, 0x7f9cb8702cb9, 0, 0x7f9cb8739aeb) = 0 <0.000181>
2019 03:48:35.493792 curl_strequal(0x5597b4713b13, 0x7f9cb8702cb9, 0, 0x7f9cb8739aeb) = 0 <0.000202>
2019 03:48:35.494059 curl_strequal(0x5597b4713ee3, 0x7f9cb87066b7, 0, 0x7f9cb8739aeb) = 1 <0.000156>
2019 03:48:35.494273 curl_strequal(0x5597b4713ee3, 0x7f9cb8707310, 0x7f9cb87066b7, 0x7f9cb8739aeb) = 0 <0.000145>
2019 03:48:35.494476 curl_strequal(0x5597b4713aca, 0x7f9cb8707310, 0x7f9cb87066b7, 0x7f9cb8739aeb) = 1 <0.000179>
2019 03:48:35.494716 curl_strequal(0x5597b4713ee3, 0x7f9cb87044b2, 0x7f9cb8707310, 0x7f9cb8739aeb) = 0 <0.000148>
2019 03:48:35.494922 curl_strequal(0x5597b4713aca, 0x7f9cb87044b2, 0x7f9cb8707310, 0x7f9cb8739aeb) = 0 <0.000152>
2019 03:48:35.495133 curl_strequal(0x5597b4712f88, 0x7f9cb87044b2, 0x7f9cb8707310, 0x7f9cb8739aeb) = 1 <0.000145>
2019 03:48:35.495336 curl_strequal(0x5597b4713ee3, 0x7f9cb87045c0, 0x7f9cb87044b2, 0x7f9cb8739aeb) = 0 <0.000142>
2019 03:48:35.495537 curl_strequal(0x5597b4713aca, 0x7f9cb87045c0, 0x7f9cb87044b2, 0x7f9cb8739aeb) = 0 <0.000186>
2019 03:48:35.495784 curl_strequal(0x5597b4712f88, 0x7f9cb87045c0, 0x7f9cb87044b2, 0x7f9cb8739aeb) = 0 <0.000147>
2019 03:48:35.495988 curl_strequal(0x5597b4712f7d, 0x7f9cb87045c0, 0x7f9cb87044b2, 0x7f9cb8739aeb) = 0 <0.000150>
2019 03:48:35.496197 curl_strequal(0x5597b4712f82, 0x7f9cb87045c0, 0x7f9cb87044b2, 0x7f9cb8739aeb) = 0 <0.000147>
2019 03:48:35.496401 curl_strequal(0x5597b4713d5f, 0x7f9cb87045c0, 0x7f9cb87044b2, 0x7f9cb8739aeb) = 0 <0.000149>
2019 03:48:35.496630 curl_strequal(0x5597b4713ab8, 0x7f9cb87045c0, 0x7f9cb87044b2, 0x7f9cb8739aeb) = 0 <0.000148>
2019 03:48:35.496837 curl_strequal(0x5597b4713ac9, 0x7f9cb87045c0, 0x7f9cb87044b2, 0x7f9cb8739aeb) = 0 <0.000147>
2019 03:48:35.497044 curl_strequal(0x5597b4713b13, 0x7f9cb87045c0, 0x7f9cb87044b2, 0x7f9cb8739aeb) = 0 <0.000154>
2019 03:48:35.497257 curl_strequal(0x5597b4713ee3, 0x7f9cb87045b8, 0x7f9cb87044b2, 0x7f9cb8739aeb) = 0 <0.000148>
2019 03:48:35.497464 curl_strequal(0x5597b4713aca, 0x7f9cb87045b8, 0x7f9cb87044b2, 0x7f9cb8739aeb) = 0 <0.000176>
2019 03:48:35.497704 curl_strequal(0x5597b4712f88, 0x7f9cb87045b8, 0x7f9cb87044b2, 0x7f9cb8739aeb) = 0 <0.000157>
2019 03:48:35.497912 curl_strequal(0x5597b4712f7d, 0x7f9cb87045b8, 0x7f9cb87044b2, 0x7f9cb8739aeb) = 0 <0.000151>
2019 03:48:35.498113 curl_strequal(0x5597b4712f82, 0x7f9cb87045b8, 0x7f9cb87044b2, 0x7f9cb8739aeb) = 0 <0.000123>
2019 03:48:35.498279 curl_strequal(0x5597b4713d5f, 0x7f9cb87045b8, 0x7f9cb87044b2, 0x7f9cb8739aeb) = 0 <0.000116>
2019 03:48:35.498440 curl_strequal(0x5597b4713ab8, 0x7f9cb87045b8, 0x7f9cb87044b2, 0x7f9cb8739aeb) = 0 <0.000126>
2019 03:48:35.498658 curl_strequal(0x5597b4713ac9, 0x7f9cb87045b8, 0x7f9cb87044b2, 0x7f9cb8739aeb) = 0 <0.000121>
2019 03:48:35.498824 curl_strequal(0x5597b4713b13, 0x7f9cb87045b8, 0x7f9cb87044b2, 0x7f9cb8739aeb) = 0 <0.000116>
2019 03:48:35.498994 curl_strequal(0x5597b4713ee3, 0x7f9cb8704983, 0x7f9cb87044b2, 0x7f9cb8739aeb) = 0 <0.000125>
2019 03:48:35.499168 curl_strequal(0x5597b4713aca, 0x7f9cb8704983, 0x7f9cb87044b2, 0x7f9cb8739aeb) = 0 <0.000132>
2019 03:48:35.499349 curl_strequal(0x5597b4712f88, 0x7f9cb8704983, 0x7f9cb87044b2, 0x7f9cb8739aeb) = 0 <0.000133>
2019 03:48:35.499539 curl_strequal(0x5597b4712f7d, 0x7f9cb8704983, 0x7f9cb87044b2, 0x7f9cb8739aeb) = 1 <0.000162>
2019 03:48:35.499754 curl_strequal(0x5597b4713ee3, 0x7f9cb8702cf0, 0x7f9cb8704983, 0x7f9cb8739aeb) = 0 <0.000153>
2019 03:48:35.499975 curl_strequal(0x5597b4713aca, 0x7f9cb8702cf0, 0x7f9cb8704983, 0x7f9cb8739aeb) = 0 <0.000159>
2019 03:48:35.500190 curl_strequal(0x5597b4712f88, 0x7f9cb8702cf0, 0x7f9cb8704983, 0x7f9cb8739aeb) = 0 <0.000144>
2019 03:48:35.500393 curl_strequal(0x5597b4712f7d, 0x7f9cb8702cf0, 0x7f9cb8704983, 0x7f9cb8739aeb) = 0 <0.000153>
2019 03:48:35.500638 curl_strequal(0x5597b4712f82, 0x7f9cb8702cf0, 0x7f9cb8704983, 0x7f9cb8739aeb) = 1 <0.000156>
2019 03:48:35.500856 curl_strequal(0x5597b4713ee3, 0x7f9cb8705458, 0x7f9cb8702cf0, 0x7f9cb8739aeb) = 0 <0.000159>
2019 03:48:35.501070 curl_strequal(0x5597b4713aca, 0x7f9cb8705458, 0x7f9cb8702cf0, 0x7f9cb8739aeb) = 0 <0.000138>
2019 03:48:35.501258 curl_strequal(0x5597b4712f88, 0x7f9cb8705458, 0x7f9cb8702cf0, 0x7f9cb8739aeb) = 0 <0.000135>
2019 03:48:35.501442 curl_strequal(0x5597b4712f7d, 0x7f9cb8705458, 0x7f9cb8702cf0, 0x7f9cb8739aeb) = 0 <0.000154>
2019 03:48:35.501653 curl_strequal(0x5597b4712f82, 0x7f9cb8705458, 0x7f9cb8702cf0, 0x7f9cb8739aeb) = 0 <0.000138>
2019 03:48:35.501842 curl_strequal(0x5597b4713d5f, 0x7f9cb8705458, 0x7f9cb8702cf0, 0x7f9cb8739aeb) = 0 <0.000216>
2019 03:48:35.502112 curl_strequal(0x5597b4713ab8, 0x7f9cb8705458, 0x7f9cb8702cf0, 0x7f9cb8739aeb) = 0 <0.000135>
2019 03:48:35.502296 curl_strequal(0x5597b4713ac9, 0x7f9cb8705458, 0x7f9cb8702cf0, 0x7f9cb8739aeb) = 0 <0.000132>
2019 03:48:35.502477 curl_strequal(0x5597b4713b13, 0x7f9cb8705458, 0x7f9cb8702cf0, 0x7f9cb8739aeb) = 0 <0.000179>
2019 03:48:35.502710 curl_strequal(0x5597b4713ee3, 0x7f9cb870545d, 0x7f9cb8702cf0, 0x7f9cb8739aeb) = 0 <0.000152>
2019 03:48:35.502921 curl_strequal(0x5597b4713aca, 0x7f9cb870545d, 0x7f9cb8702cf0, 0x7f9cb8739aeb) = 0 <0.000185>
2019 03:48:35.503167 curl_strequal(0x5597b4712f88, 0x7f9cb870545d, 0x7f9cb8702cf0, 0x7f9cb8739aeb) = 0 <0.000159>
2019 03:48:35.503387 curl_strequal(0x5597b4712f7d, 0x7f9cb870545d, 0x7f9cb8702cf0, 0x7f9cb8739aeb) = 0 <0.000158>
2019 03:48:35.503639 curl_strequal(0x5597b4712f82, 0x7f9cb870545d, 0x7f9cb8702cf0, 0x7f9cb8739aeb) = 0 <0.000162>
2019 03:48:35.503862 curl_strequal(0x5597b4713d5f, 0x7f9cb870545d, 0x7f9cb8702cf0, 0x7f9cb8739aeb) = 0 <0.000154>
2019 03:48:35.504083 curl_strequal(0x5597b4713ab8, 0x7f9cb870545d, 0x7f9cb8702cf0, 0x7f9cb8739aeb) = 0 <0.000155>
2019 03:48:35.504295 curl_strequal(0x5597b4713ac9, 0x7f9cb870545d, 0x7f9cb8702cf0, 0x7f9cb8739aeb) = 0 <0.000150>
2019 03:48:35.504503 curl_strequal(0x5597b4713b13, 0x7f9cb870545d, 0x7f9cb8702cf0, 0x7f9cb8739aeb) = 0 <0.000163>
2019 03:48:35.504726 curl_strequal(0x5597b4713ee3, 0x7f9cb8705bbf, 0x7f9cb8702cf0, 0x7f9cb8739aeb) = 0 <0.000144>
2019 03:48:35.504928 curl_strequal(0x5597b4713aca, 0x7f9cb8705bbf, 0x7f9cb8702cf0, 0x7f9cb8739aeb) = 0 <0.000147>
2019 03:48:35.505133 curl_strequal(0x5597b4712f88, 0x7f9cb8705bbf, 0x7f9cb8702cf0, 0x7f9cb8739aeb) = 0 <0.000147>
2019 03:48:35.505338 curl_strequal(0x5597b4712f7d, 0x7f9cb8705bbf, 0x7f9cb8702cf0, 0x7f9cb8739aeb) = 0 <0.000145>
2019 03:48:35.505541 curl_strequal(0x5597b4712f82, 0x7f9cb8705bbf, 0x7f9cb8702cf0, 0x7f9cb8739aeb) = 0 <0.000193>
2019 03:48:35.505798 curl_strequal(0x5597b4713d5f, 0x7f9cb8705bbf, 0x7f9cb8702cf0, 0x7f9cb8739aeb) = 0 <0.000190>
2019 03:48:35.506047 curl_strequal(0x5597b4713ab8, 0x7f9cb8705bbf, 0x7f9cb8702cf0, 0x7f9cb8739aeb) = 0 <0.000156>
2019 03:48:35.506262 curl_strequal(0x5597b4713ac9, 0x7f9cb8705bbf, 0x7f9cb8702cf0, 0x7f9cb8739aeb) = 0 <0.000141>
2019 03:48:35.506458 curl_strequal(0x5597b4713b13, 0x7f9cb8705bbf, 0x7f9cb8702cf0, 0x7f9cb8739aeb) = 0 <0.000169>
2019 03:48:35.506695 curl_strequal(0x5597b4713ee3, 0x7f9cb8705bc4, 0x7f9cb8702cf0, 0x7f9cb8739aeb) = 0 <0.000144>
2019 03:48:35.506895 curl_strequal(0x5597b4713aca, 0x7f9cb8705bc4, 0x7f9cb8702cf0, 0x7f9cb8739aeb) = 0 <0.000143>
2019 03:48:35.507082 curl_strequal(0x5597b4712f88, 0x7f9cb8705bc4, 0x7f9cb8702cf0, 0x7f9cb8739aeb) = 0 <0.000142>
2019 03:48:35.507280 curl_strequal(0x5597b4712f7d, 0x7f9cb8705bc4, 0x7f9cb8702cf0, 0x7f9cb8739aeb) = 0 <0.000140>
2019 03:48:35.507474 curl_strequal(0x5597b4712f82, 0x7f9cb8705bc4, 0x7f9cb8702cf0, 0x7f9cb8739aeb) = 0 <0.000167>
2019 03:48:35.507700 curl_strequal(0x5597b4713d5f, 0x7f9cb8705bc4, 0x7f9cb8702cf0, 0x7f9cb8739aeb) = 0 <0.000147>
2019 03:48:35.507899 curl_strequal(0x5597b4713ab8, 0x7f9cb8705bc4, 0x7f9cb8702cf0, 0x7f9cb8739aeb) = 0 <0.000139>
2019 03:48:35.508081 curl_strequal(0x5597b4713ac9, 0x7f9cb8705bc4, 0x7f9cb8702cf0, 0x7f9cb8739aeb) = 0 <0.000139>
2019 03:48:35.508276 curl_strequal(0x5597b4713b13, 0x7f9cb8705bc4, 0x7f9cb8702cf0, 0x7f9cb8739aeb) = 0 <0.000143>
2019 03:48:35.508475 curl_strequal(0x5597b4713ee3, 0x7f9cb8705862, 0x7f9cb8702cf0, 0x7f9cb8739aeb) = 0 <0.000163>
2019 03:48:35.508694 curl_strequal(0x5597b4713aca, 0x7f9cb8705862, 0x7f9cb8702cf0, 0x7f9cb8739aeb) = 0 <0.000146>
2019 03:48:35.508897 curl_strequal(0x5597b4712f88, 0x7f9cb8705862, 0x7f9cb8702cf0, 0x7f9cb8739aeb) = 0 <0.000139>
2019 03:48:35.509096 curl_strequal(0x5597b4712f7d, 0x7f9cb8705862, 0x7f9cb8702cf0, 0x7f9cb8739aeb) = 0 <0.000145>
2019 03:48:35.509297 curl_strequal(0x5597b4712f82, 0x7f9cb8705862, 0x7f9cb8702cf0, 0x7f9cb8739aeb) = 0 <0.000143>
2019 03:48:35.509497 curl_strequal(0x5597b4713d5f, 0x7f9cb8705862, 0x7f9cb8702cf0, 0x7f9cb8739aeb) = 0 <0.000309>
2019 03:48:35.509871 curl_strequal(0x5597b4713ab8, 0x7f9cb8705862, 0x7f9cb8702cf0, 0x7f9cb8739aeb) = 0 <0.000158>
2019 03:48:35.510092 curl_strequal(0x5597b4713ac9, 0x7f9cb8705862, 0x7f9cb8702cf0, 0x7f9cb8739aeb) = 0 <0.000138>
2019 03:48:35.510288 curl_strequal(0x5597b4713b13, 0x7f9cb8705862, 0x7f9cb8702cf0, 0x7f9cb8739aeb) = 0 <0.000139>
2019 03:48:35.510482 curl_strequal(0x5597b4713ee3, 0x7f9cb8705d28, 0x7f9cb8702cf0, 0x7f9cb8739aeb) = 0 <0.000165>
2019 03:48:35.510702 curl_strequal(0x5597b4713aca, 0x7f9cb8705d28, 0x7f9cb8702cf0, 0x7f9cb8739aeb) = 0 <0.000134>
2019 03:48:35.510886 curl_strequal(0x5597b4712f88, 0x7f9cb8705d28, 0x7f9cb8702cf0, 0x7f9cb8739aeb) = 0 <0.000140>
2019 03:48:35.511089 curl_strequal(0x5597b4712f7d, 0x7f9cb8705d28, 0x7f9cb8702cf0, 0x7f9cb8739aeb) = 0 <0.000141>
2019 03:48:35.511286 curl_strequal(0x5597b4712f82, 0x7f9cb8705d28, 0x7f9cb8702cf0, 0x7f9cb8739aeb) = 0 <0.000138>
2019 03:48:35.511482 curl_strequal(0x5597b4713d5f, 0x7f9cb8705d28, 0x7f9cb8702cf0, 0x7f9cb8739aeb) = 0 <0.000163>
2019 03:48:35.511704 curl_strequal(0x5597b4713ab8, 0x7f9cb8705d28, 0x7f9cb8702cf0, 0x7f9cb8739aeb) = 0 <0.000147>
2019 03:48:35.511911 curl_strequal(0x5597b4713ac9, 0x7f9cb8705d28, 0x7f9cb8702cf0, 0x7f9cb8739aeb) = 0 <0.000144>
2019 03:48:35.512122 curl_strequal(0x5597b4713b13, 0x7f9cb8705d28, 0x7f9cb8702cf0, 0x7f9cb8739aeb) = 0 <0.000143>
2019 03:48:35.512325 curl_strequal(0x5597b4713ee3, 0x7f9cb8705d22, 0x7f9cb8702cf0, 0x7f9cb8739aeb) = 0 <0.000143>
2019 03:48:35.512523 curl_strequal(0x5597b4713aca, 0x7f9cb8705d22, 0x7f9cb8702cf0, 0x7f9cb8739aeb) = 0 <0.000170>
2019 03:48:35.512752 curl_strequal(0x5597b4712f88, 0x7f9cb8705d22, 0x7f9cb8702cf0, 0x7f9cb8739aeb) = 0 <0.000147>
2019 03:48:35.512956 curl_strequal(0x5597b4712f7d, 0x7f9cb8705d22, 0x7f9cb8702cf0, 0x7f9cb8739aeb) = 0 <0.000148>
2019 03:48:35.513161 curl_strequal(0x5597b4712f82, 0x7f9cb8705d22, 0x7f9cb8702cf0, 0x7f9cb8739aeb) = 0 <0.000146>
2019 03:48:35.513365 curl_strequal(0x5597b4713d5f, 0x7f9cb8705d22, 0x7f9cb8702cf0, 0x7f9cb8739aeb) = 0 <0.000143>
2019 03:48:35.513565 curl_strequal(0x5597b4713ab8, 0x7f9cb8705d22, 0x7f9cb8702cf0, 0x7f9cb8739aeb) = 0 <0.000181>
2019 03:48:35.513811 curl_strequal(0x5597b4713ac9, 0x7f9cb8705d22, 0x7f9cb8702cf0, 0x7f9cb8739aeb) = 0 <0.000243>
2019 03:48:35.514140 curl_strequal(0x5597b4713b13, 0x7f9cb8705d22, 0x7f9cb8702cf0, 0x7f9cb8739aeb) = 0 <0.000189>
2019 03:48:35.514416 curl_strequal(0x5597b4713ee3, 0x7f9cb8702a99, 0x7f9cb8702cf0, 0x7f9cb8739aeb) = 0 <0.000201>
2019 03:48:35.514691 curl_strequal(0x5597b4713aca, 0x7f9cb8702a99, 0x7f9cb8702cf0, 0x7f9cb8739aeb) = 0 <0.000174>
2019 03:48:35.514939 curl_strequal(0x5597b4712f88, 0x7f9cb8702a99, 0x7f9cb8702cf0, 0x7f9cb8739aeb) = 0 <0.000187>
2019 03:48:35.515201 curl_strequal(0x5597b4712f7d, 0x7f9cb8702a99, 0x7f9cb8702cf0, 0x7f9cb8739aeb) = 0 <0.000148>
2019 03:48:35.515411 curl_strequal(0x5597b4712f82, 0x7f9cb8702a99, 0x7f9cb8702cf0, 0x7f9cb8739aeb) = 0 <0.000162>
2019 03:48:35.515672 curl_strequal(0x5597b4713d5f, 0x7f9cb8702a99, 0x7f9cb8702cf0, 0x7f9cb8739aeb) = 0 <0.000182>
2019 03:48:35.515932 curl_strequal(0x5597b4713ab8, 0x7f9cb8702a99, 0x7f9cb8702cf0, 0x7f9cb8739aeb) = 0 <0.000194>
2019 03:48:35.516204 curl_strequal(0x5597b4713ac9, 0x7f9cb8702a99, 0x7f9cb8702cf0, 0x7f9cb8739aeb) = 0 <0.000188>
2019 03:48:35.516471 curl_strequal(0x5597b4713b13, 0x7f9cb8702a99, 0x7f9cb8702cf0, 0x7f9cb8739aeb) = 0 <0.000226>
2019 03:48:35.516775 curl_strequal(0x5597b4713ee3, 0x7f9cb8702a8d, 0x7f9cb8702cf0, 0x7f9cb8739aeb) = 0 <0.000187>
2019 03:48:35.517040 curl_strequal(0x5597b4713aca, 0x7f9cb8702a8d, 0x7f9cb8702cf0, 0x7f9cb8739aeb) = 0 <0.000193>
2019 03:48:35.517309 curl_strequal(0x5597b4712f88, 0x7f9cb8702a8d, 0x7f9cb8702cf0, 0x7f9cb8739aeb) = 0 <0.000187>
2019 03:48:35.517572 curl_strequal(0x5597b4712f7d, 0x7f9cb8702a8d, 0x7f9cb8702cf0, 0x7f9cb8739aeb) = 0 <0.000219>
2019 03:48:35.517871 curl_strequal(0x5597b4712f82, 0x7f9cb8702a8d, 0x7f9cb8702cf0, 0x7f9cb8739aeb) = 0 <0.000207>
2019 03:48:35.518142 curl_strequal(0x5597b4713d5f, 0x7f9cb8702a8d, 0x7f9cb8702cf0, 0x7f9cb8739aeb) = 0 <0.000129>
2019 03:48:35.518316 curl_strequal(0x5597b4713ab8, 0x7f9cb8702a8d, 0x7f9cb8702cf0, 0x7f9cb8739aeb) = 0 <0.000117>
2019 03:48:35.518478 curl_strequal(0x5597b4713ac9, 0x7f9cb8702a8d, 0x7f9cb8702cf0, 0x7f9cb8739aeb) = 0 <0.000156>
2019 03:48:35.518681 curl_strequal(0x5597b4713b13, 0x7f9cb8702a8d, 0x7f9cb8702cf0, 0x7f9cb8739aeb) = 0 <0.000120>
2019 03:48:35.518847 curl_strequal(0x5597b4713ee3, 0x7f9cb8702a80, 0x7f9cb8702cf0, 0x7f9cb8739aeb) = 0 <0.000124>
2019 03:48:35.519026 curl_strequal(0x5597b4713aca, 0x7f9cb8702a80, 0x7f9cb8702cf0, 0x7f9cb8739aeb) = 0 <0.000160>
2019 03:48:35.519242 curl_strequal(0x5597b4712f88, 0x7f9cb8702a80, 0x7f9cb8702cf0, 0x7f9cb8739aeb) = 0 <0.000142>
2019 03:48:35.519442 curl_strequal(0x5597b4712f7d, 0x7f9cb8702a80, 0x7f9cb8702cf0, 0x7f9cb8739aeb) = 0 <0.000160>
2019 03:48:35.519661 curl_strequal(0x5597b4712f82, 0x7f9cb8702a80, 0x7f9cb8702cf0, 0x7f9cb8739aeb) = 0 <0.000148>
2019 03:48:35.519868 curl_strequal(0x5597b4713d5f, 0x7f9cb8702a80, 0x7f9cb8702cf0, 0x7f9cb8739aeb) = 0 <0.000158>
2019 03:48:35.520087 curl_strequal(0x5597b4713ab8, 0x7f9cb8702a80, 0x7f9cb8702cf0, 0x7f9cb8739aeb) = 0 <0.000147>
2019 03:48:35.520293 curl_strequal(0x5597b4713ac9, 0x7f9cb8702a80, 0x7f9cb8702cf0, 0x7f9cb8739aeb) = 0 <0.000136>
2019 03:48:35.520476 curl_strequal(0x5597b4713b13, 0x7f9cb8702a80, 0x7f9cb8702cf0, 0x7f9cb8739aeb) = 0 <0.000151>
2019 03:48:35.520685 curl_strequal(0x5597b4713ee3, 0x7f9cb8702a93, 0x7f9cb8702cf0, 0x7f9cb8739aeb) = 0 <0.000146>
2019 03:48:35.520887 curl_strequal(0x5597b4713aca, 0x7f9cb8702a93, 0x7f9cb8702cf0, 0x7f9cb8739aeb) = 0 <0.000140>
2019 03:48:35.521089 curl_strequal(0x5597b4712f88, 0x7f9cb8702a93, 0x7f9cb8702cf0, 0x7f9cb8739aeb) = 0 <0.000145>
2019 03:48:35.521292 curl_strequal(0x5597b4712f7d, 0x7f9cb8702a93, 0x7f9cb8702cf0, 0x7f9cb8739aeb) = 0 <0.000142>
2019 03:48:35.521491 curl_strequal(0x5597b4712f82, 0x7f9cb8702a93, 0x7f9cb8702cf0, 0x7f9cb8739aeb) = 0 <0.000184>
2019 03:48:35.521736 curl_strequal(0x5597b4713d5f, 0x7f9cb8702a93, 0x7f9cb8702cf0, 0x7f9cb8739aeb) = 0 <0.000144>
2019 03:48:35.521998 curl_strequal(0x5597b4713ab8, 0x7f9cb8702a93, 0x7f9cb8702cf0, 0x7f9cb8739aeb) = 0 <0.000185>
2019 03:48:35.522260 curl_strequal(0x5597b4713ac9, 0x7f9cb8702a93, 0x7f9cb8702cf0, 0x7f9cb8739aeb) = 0 <0.000184>
2019 03:48:35.522520 curl_strequal(0x5597b4713b13, 0x7f9cb8702a93, 0x7f9cb8702cf0, 0x7f9cb8739aeb) = 0 <0.000208>
2019 03:48:35.522816 curl_strequal(0x5597b4713ee3, 0x7f9cb8702a86, 0x7f9cb8702cf0, 0x7f9cb8739aeb) = 0 <0.000181>
2019 03:48:35.523077 curl_strequal(0x5597b4713aca, 0x7f9cb8702a86, 0x7f9cb8702cf0, 0x7f9cb8739aeb) = 0 <0.000182>
2019 03:48:35.523336 curl_strequal(0x5597b4712f88, 0x7f9cb8702a86, 0x7f9cb8702cf0, 0x7f9cb8739aeb) = 0 <0.000186>
2019 03:48:35.523617 curl_strequal(0x5597b4712f7d, 0x7f9cb8702a86, 0x7f9cb8702cf0, 0x7f9cb8739aeb) = 0 <0.000206>
2019 03:48:35.523901 curl_strequal(0x5597b4712f82, 0x7f9cb8702a86, 0x7f9cb8702cf0, 0x7f9cb8739aeb) = 0 <0.000187>
2019 03:48:35.524165 curl_strequal(0x5597b4713d5f, 0x7f9cb8702a86, 0x7f9cb8702cf0, 0x7f9cb8739aeb) = 0 <0.000181>
2019 03:48:35.524423 curl_strequal(0x5597b4713ab8, 0x7f9cb8702a86, 0x7f9cb8702cf0, 0x7f9cb8739aeb) = 0 <0.000200>
2019 03:48:35.524700 curl_strequal(0x5597b4713ac9, 0x7f9cb8702a86, 0x7f9cb8702cf0, 0x7f9cb8739aeb) = 0 <0.000185>
2019 03:48:35.524967 curl_strequal(0x5597b4713b13, 0x7f9cb8702a86, 0x7f9cb8702cf0, 0x7f9cb8739aeb) = 0 <0.000186>
2019 03:48:35.525228 curl_strequal(0x5597b4713ee3, 0x7f9cb8702a79, 0x7f9cb8702cf0, 0x7f9cb8739aeb) = 0 <0.000182>
2019 03:48:35.525487 curl_strequal(0x5597b4713aca, 0x7f9cb8702a79, 0x7f9cb8702cf0, 0x7f9cb8739aeb) = 0 <0.000201>
2019 03:48:35.525767 curl_strequal(0x5597b4712f88, 0x7f9cb8702a79, 0x7f9cb8702cf0, 0x7f9cb8739aeb) = 0 <0.000257>
2019 03:48:35.526100 curl_strequal(0x5597b4712f7d, 0x7f9cb8702a79, 0x7f9cb8702cf0, 0x7f9cb8739aeb) = 0 <0.000184>
2019 03:48:35.526356 curl_strequal(0x5597b4712f82, 0x7f9cb8702a79, 0x7f9cb8702cf0, 0x7f9cb8739aeb) = 0 <0.000160>
2019 03:48:35.526623 curl_strequal(0x5597b4713d5f, 0x7f9cb8702a79, 0x7f9cb8702cf0, 0x7f9cb8739aeb) = 0 <0.000179>
2019 03:48:35.526879 curl_strequal(0x5597b4713ab8, 0x7f9cb8702a79, 0x7f9cb8702cf0, 0x7f9cb8739aeb) = 0 <0.000202>
2019 03:48:35.527157 curl_strequal(0x5597b4713ac9, 0x7f9cb8702a79, 0x7f9cb8702cf0, 0x7f9cb8739aeb) = 0 <0.000184>
2019 03:48:35.527419 curl_strequal(0x5597b4713b13, 0x7f9cb8702a79, 0x7f9cb8702cf0, 0x7f9cb8739aeb) = 0 <0.000202>
2019 03:48:35.527699 curl_strequal(0x5597b4713ee3, 0x7f9cb8705f54, 0x7f9cb8702cf0, 0x7f9cb8739aeb) = 0 <0.000187>
2019 03:48:35.527962 curl_strequal(0x5597b4713aca, 0x7f9cb8705f54, 0x7f9cb8702cf0, 0x7f9cb8739aeb) = 0 <0.000204>
2019 03:48:35.528248 curl_strequal(0x5597b4712f88, 0x7f9cb8705f54, 0x7f9cb8702cf0, 0x7f9cb8739aeb) = 0 <0.000192>
2019 03:48:35.528519 curl_strequal(0x5597b4712f7d, 0x7f9cb8705f54, 0x7f9cb8702cf0, 0x7f9cb8739aeb) = 0 <0.000194>
2019 03:48:35.528789 curl_strequal(0x5597b4712f82, 0x7f9cb8705f54, 0x7f9cb8702cf0, 0x7f9cb8739aeb) = 0 <0.000184>
2019 03:48:35.529050 curl_strequal(0x5597b4713d5f, 0x7f9cb8705f54, 0x7f9cb8702cf0, 0x7f9cb8739aeb) = 1 <0.000190>
2019 03:48:35.529313 curl_strequal(0x5597b4713ee3, 0x7f9cb870730b, 0x7f9cb8705f54, 0x7f9cb8739aeb) = 0 <0.000182>
2019 03:48:35.529566 curl_strequal(0x5597b4713aca, 0x7f9cb870730b, 0x7f9cb8705f54, 0x7f9cb8739aeb) = 0 <0.000172>
2019 03:48:35.529802 curl_strequal(0x5597b4712f88, 0x7f9cb870730b, 0x7f9cb8705f54, 0x7f9cb8739aeb) = 0 <0.000183>
2019 03:48:35.530083 curl_strequal(0x5597b4712f7d, 0x7f9cb870730b, 0x7f9cb8705f54, 0x7f9cb8739aeb) = 0 <0.000151>
2019 03:48:35.530287 curl_strequal(0x5597b4712f82, 0x7f9cb870730b, 0x7f9cb8705f54, 0x7f9cb8739aeb) = 0 <0.000119>
2019 03:48:35.530453 curl_strequal(0x5597b4713d5f, 0x7f9cb870730b, 0x7f9cb8705f54, 0x7f9cb8739aeb) = 0 <0.000154>
2019 03:48:35.530664 curl_strequal(0x5597b4713ab8, 0x7f9cb870730b, 0x7f9cb8705f54, 0x7f9cb8739aeb) = 1 <0.000123>
2019 03:48:35.530834 curl_strequal(0x5597b4713ee3, 0x7f9cb870730f, 0x7f9cb870730b, 0x7f9cb8739aeb) = 0 <0.000119>
2019 03:48:35.531002 curl_strequal(0x5597b4713aca, 0x7f9cb870730f, 0x7f9cb870730b, 0x7f9cb8739aeb) = 0 <0.000123>
2019 03:48:35.531172 curl_strequal(0x5597b4712f88, 0x7f9cb870730f, 0x7f9cb870730b, 0x7f9cb8739aeb) = 0 <0.000121>
2019 03:48:35.531340 curl_strequal(0x5597b4712f7d, 0x7f9cb870730f, 0x7f9cb870730b, 0x7f9cb8739aeb) = 0 <0.000117>
2019 03:48:35.531505 curl_strequal(0x5597b4712f82, 0x7f9cb870730f, 0x7f9cb870730b, 0x7f9cb8739aeb) = 0 <0.000160>
2019 03:48:35.531725 curl_strequal(0x5597b4713d5f, 0x7f9cb870730f, 0x7f9cb870730b, 0x7f9cb8739aeb) = 0 <0.000122>
2019 03:48:35.531893 curl_strequal(0x5597b4713ab8, 0x7f9cb870730f, 0x7f9cb870730b, 0x7f9cb8739aeb) = 0 <0.000118>
2019 03:48:35.532059 curl_strequal(0x5597b4713ac9, 0x7f9cb870730f, 0x7f9cb870730b, 0x7f9cb8739aeb) = 1 <0.000118>
2019 03:48:35.532225 curl_strequal(0x5597b4713ee3, 0x7f9cb870607b, 0x7f9cb870730f, 0x7f9cb8739aeb) = 0 <0.000122>
2019 03:48:35.532395 curl_strequal(0x5597b4713aca, 0x7f9cb870607b, 0x7f9cb870730f, 0x7f9cb8739aeb) = 0 <0.000117>
2019 03:48:35.532558 curl_strequal(0x5597b4712f88, 0x7f9cb870607b, 0x7f9cb870730f, 0x7f9cb8739aeb) = 0 <0.000159>
2019 03:48:35.532769 curl_strequal(0x5597b4712f7d, 0x7f9cb870607b, 0x7f9cb870730f, 0x7f9cb8739aeb) = 0 <0.000123>
2019 03:48:35.532938 curl_strequal(0x5597b4712f82, 0x7f9cb870607b, 0x7f9cb870730f, 0x7f9cb8739aeb) = 0 <0.000119>
2019 03:48:35.533104 curl_strequal(0x5597b4713d5f, 0x7f9cb870607b, 0x7f9cb870730f, 0x7f9cb8739aeb) = 0 <0.000120>
2019 03:48:35.533270 curl_strequal(0x5597b4713ab8, 0x7f9cb870607b, 0x7f9cb870730f, 0x7f9cb8739aeb) = 0 <0.000132>
2019 03:48:35.533453 curl_strequal(0x5597b4713ac9, 0x7f9cb870607b, 0x7f9cb870730f, 0x7f9cb8739aeb) = 0 <0.000159>
2019 03:48:35.533671 curl_strequal(0x5597b4713b13, 0x7f9cb870607b, 0x7f9cb870730f, 0x7f9cb8739aeb) = 0 <0.000136>
2019 03:48:35.533857 curl_strequal(0x5597b4713ee3, 0x7f9cb8706076, 0x7f9cb870730f, 0x7f9cb8739aeb) = 0 <0.000229>
2019 03:48:35.534134 curl_strequal(0x5597b4713aca, 0x7f9cb8706076, 0x7f9cb870730f, 0x7f9cb8739aeb) = 0 <0.000119>
2019 03:48:35.534299 curl_strequal(0x5597b4712f88, 0x7f9cb8706076, 0x7f9cb870730f, 0x7f9cb8739aeb) = 0 <0.000118>
2019 03:48:35.534463 curl_strequal(0x5597b4712f7d, 0x7f9cb8706076, 0x7f9cb870730f, 0x7f9cb8739aeb) = 0 <0.000176>
2019 03:48:35.534687 curl_strequal(0x5597b4712f82, 0x7f9cb8706076, 0x7f9cb870730f, 0x7f9cb8739aeb) = 0 <0.000120>
2019 03:48:35.534852 curl_strequal(0x5597b4713d5f, 0x7f9cb8706076, 0x7f9cb870730f, 0x7f9cb8739aeb) = 0 <0.000118>
2019 03:48:35.535017 curl_strequal(0x5597b4713ab8, 0x7f9cb8706076, 0x7f9cb870730f, 0x7f9cb8739aeb) = 0 <0.000130>
2019 03:48:35.535194 curl_strequal(0x5597b4713ac9, 0x7f9cb8706076, 0x7f9cb870730f, 0x7f9cb8739aeb) = 0 <0.000119>
2019 03:48:35.535357 curl_strequal(0x5597b4713b13, 0x7f9cb8706076, 0x7f9cb870730f, 0x7f9cb8739aeb) = 0 <0.000118>
2019 03:48:35.535519 curl_strequal(0x5597b4713ee3, 0x7f9cb87062c2, 0x7f9cb870730f, 0x7f9cb8739aeb) = 0 <0.000139>
2019 03:48:35.535705 curl_strequal(0x5597b4713aca, 0x7f9cb87062c2, 0x7f9cb870730f, 0x7f9cb8739aeb) = 0 <0.000122>
2019 03:48:35.535872 curl_strequal(0x5597b4712f88, 0x7f9cb87062c2, 0x7f9cb870730f, 0x7f9cb8739aeb) = 0 <0.000118>
2019 03:48:35.536034 curl_strequal(0x5597b4712f7d, 0x7f9cb87062c2, 0x7f9cb870730f, 0x7f9cb8739aeb) = 0 <0.000120>
2019 03:48:35.536199 curl_strequal(0x5597b4712f82, 0x7f9cb87062c2, 0x7f9cb870730f, 0x7f9cb8739aeb) = 0 <0.000125>
2019 03:48:35.536370 curl_strequal(0x5597b4713d5f, 0x7f9cb87062c2, 0x7f9cb870730f, 0x7f9cb8739aeb) = 0 <0.000132>
2019 03:48:35.536547 curl_strequal(0x5597b4713ab8, 0x7f9cb87062c2, 0x7f9cb870730f, 0x7f9cb8739aeb) = 0 <0.000136>
2019 03:48:35.536729 curl_strequal(0x5597b4713ac9, 0x7f9cb87062c2, 0x7f9cb870730f, 0x7f9cb8739aeb) = 0 <0.000118>
2019 03:48:35.536892 curl_strequal(0x5597b4713b13, 0x7f9cb87062c2, 0x7f9cb870730f, 0x7f9cb8739aeb) = 0 <0.000117>
2019 03:48:35.537053 curl_strequal(0x5597b4713ee3, 0x7f9cb87062c7, 0x7f9cb870730f, 0x7f9cb8739aeb) = 0 <0.000119>
2019 03:48:35.537218 curl_strequal(0x5597b4713aca, 0x7f9cb87062c7, 0x7f9cb870730f, 0x7f9cb8739aeb) = 0 <0.000118>
2019 03:48:35.537380 curl_strequal(0x5597b4712f88, 0x7f9cb87062c7, 0x7f9cb870730f, 0x7f9cb8739aeb) = 0 <0.000120>
2019 03:48:35.537544 curl_strequal(0x5597b4712f7d, 0x7f9cb87062c7, 0x7f9cb870730f, 0x7f9cb8739aeb) = 0 <0.000135>
2019 03:48:35.537726 curl_strequal(0x5597b4712f82, 0x7f9cb87062c7, 0x7f9cb870730f, 0x7f9cb8739aeb) = 0 <0.000124>
2019 03:48:35.537897 curl_strequal(0x5597b4713d5f, 0x7f9cb87062c7, 0x7f9cb870730f, 0x7f9cb8739aeb) = 0 <0.000146>
2019 03:48:35.538099 curl_strequal(0x5597b4713ab8, 0x7f9cb87062c7, 0x7f9cb870730f, 0x7f9cb8739aeb) = 0 <0.000117>
2019 03:48:35.538261 curl_strequal(0x5597b4713ac9, 0x7f9cb87062c7, 0x7f9cb870730f, 0x7f9cb8739aeb) = 0 <0.000117>
2019 03:48:35.538423 curl_strequal(0x5597b4713b13, 0x7f9cb87062c7, 0x7f9cb870730f, 0x7f9cb8739aeb) = 0 <0.000130>
2019 03:48:35.538625 curl_strequal(0x5597b4713ee3, 0x7f9cb8706caa, 0x7f9cb870730f, 0x7f9cb8739aeb) = 0 <0.000124>
2019 03:48:35.538793 curl_strequal(0x5597b4713aca, 0x7f9cb8706caa, 0x7f9cb870730f, 0x7f9cb8739aeb) = 0 <0.000117>
2019 03:48:35.538955 curl_strequal(0x5597b4712f88, 0x7f9cb8706caa, 0x7f9cb870730f, 0x7f9cb8739aeb) = 0 <0.000118>
2019 03:48:35.539116 curl_strequal(0x5597b4712f7d, 0x7f9cb8706caa, 0x7f9cb870730f, 0x7f9cb8739aeb) = 0 <0.000116>
2019 03:48:35.539276 curl_strequal(0x5597b4712f82, 0x7f9cb8706caa, 0x7f9cb870730f, 0x7f9cb8739aeb) = 0 <0.000116>
2019 03:48:35.539437 curl_strequal(0x5597b4713d5f, 0x7f9cb8706caa, 0x7f9cb870730f, 0x7f9cb8739aeb) = 0 <0.000115>
2019 03:48:35.539625 curl_strequal(0x5597b4713ab8, 0x7f9cb8706caa, 0x7f9cb870730f, 0x7f9cb8739aeb) = 0 <0.000122>
2019 03:48:35.539791 curl_strequal(0x5597b4713ac9, 0x7f9cb8706caa, 0x7f9cb870730f, 0x7f9cb8739aeb) = 0 <0.000117>
2019 03:48:35.539967 curl_strequal(0x5597b4713b13, 0x7f9cb8706caa, 0x7f9cb870730f, 0x7f9cb8739aeb) = 0 <0.000124>
2019 03:48:35.540136 curl_strequal(0x5597b4713ee3, 0x7f9cb8706f6b, 0x7f9cb870730f, 0x7f9cb8739aeb) = 0 <0.000118>
2019 03:48:35.540299 curl_strequal(0x5597b4713aca, 0x7f9cb8706f6b, 0x7f9cb870730f, 0x7f9cb8739aeb) = 0 <0.000118>
2019 03:48:35.540462 curl_strequal(0x5597b4712f88, 0x7f9cb8706f6b, 0x7f9cb870730f, 0x7f9cb8739aeb) = 0 <0.000133>
2019 03:48:35.540642 curl_strequal(0x5597b4712f7d, 0x7f9cb8706f6b, 0x7f9cb870730f, 0x7f9cb8739aeb) = 0 <0.000119>
2019 03:48:35.540806 curl_strequal(0x5597b4712f82, 0x7f9cb8706f6b, 0x7f9cb870730f, 0x7f9cb8739aeb) = 0 <0.000141>
2019 03:48:35.540992 curl_strequal(0x5597b4713d5f, 0x7f9cb8706f6b, 0x7f9cb870730f, 0x7f9cb8739aeb) = 0 <0.000121>
2019 03:48:35.541158 curl_strequal(0x5597b4713ab8, 0x7f9cb8706f6b, 0x7f9cb870730f, 0x7f9cb8739aeb) = 0 <0.000119>
2019 03:48:35.541321 curl_strequal(0x5597b4713ac9, 0x7f9cb8706f6b, 0x7f9cb870730f, 0x7f9cb8739aeb) = 0 <0.000116>
2019 03:48:35.541483 curl_strequal(0x5597b4713b13, 0x7f9cb8706f6b, 0x7f9cb870730f, 0x7f9cb8739aeb) = 1 <0.000137>
2019 03:48:35.541677 curl_strequal(0x5597b4713ee3, 0x7f9cb8704fb5, 0x7f9cb8706f6b, 0x7f9cb8739aeb) = 0 <0.000124>
2019 03:48:35.541848 curl_strequal(0x5597b4713aca, 0x7f9cb8704fb5, 0x7f9cb8706f6b, 0x7f9cb8739aeb) = 0 <0.000156>
2019 03:48:35.542077 curl_strequal(0x5597b4712f88, 0x7f9cb8704fb5, 0x7f9cb8706f6b, 0x7f9cb8739aeb) = 0 <0.000120>
2019 03:48:35.542241 curl_strequal(0x5597b4712f7d, 0x7f9cb8704fb5, 0x7f9cb8706f6b, 0x7f9cb8739aeb) = 0 <0.000118>
2019 03:48:35.542404 curl_strequal(0x5597b4712f82, 0x7f9cb8704fb5, 0x7f9cb8706f6b, 0x7f9cb8739aeb) = 0 <0.000124>
2019 03:48:35.542594 curl_strequal(0x5597b4713d5f, 0x7f9cb8704fb5, 0x7f9cb8706f6b, 0x7f9cb8739aeb) = 0 <0.000124>
2019 03:48:35.542764 curl_strequal(0x5597b4713ab8, 0x7f9cb8704fb5, 0x7f9cb8706f6b, 0x7f9cb8739aeb) = 0 <0.000120>
2019 03:48:35.542943 curl_strequal(0x5597b4713ac9, 0x7f9cb8704fb5, 0x7f9cb8706f6b, 0x7f9cb8739aeb) = 0 <0.000120>
2019 03:48:35.543107 curl_strequal(0x5597b4713b13, 0x7f9cb8704fb5, 0x7f9cb8706f6b, 0x7f9cb8739aeb) = 0 <0.000116>
2019 03:48:35.543268 curl_strequal(0x5597b4713ee3, 0x7f9cb8707314, 0x7f9cb8706f6b, 0x7f9cb8739aeb) = 0 <0.000119>
2019 03:48:35.543432 curl_strequal(0x5597b4713aca, 0x7f9cb8707314, 0x7f9cb8706f6b, 0x7f9cb8739aeb) = 0 <0.000117>
2019 03:48:35.543615 curl_strequal(0x5597b4712f88, 0x7f9cb8707314, 0x7f9cb8706f6b, 0x7f9cb8739aeb) = 0 <0.000123>
2019 03:48:35.543783 curl_strequal(0x5597b4712f7d, 0x7f9cb8707314, 0x7f9cb8706f6b, 0x7f9cb8739aeb) = 0 <0.000119>
2019 03:48:35.543947 curl_strequal(0x5597b4712f82, 0x7f9cb8707314, 0x7f9cb8706f6b, 0x7f9cb8739aeb) = 0 <0.000117>
2019 03:48:35.544107 curl_strequal(0x5597b4713d5f, 0x7f9cb8707314, 0x7f9cb8706f6b, 0x7f9cb8739aeb) = 0 <0.000117>
2019 03:48:35.544277 curl_strequal(0x5597b4713ab8, 0x7f9cb8707314, 0x7f9cb8706f6b, 0x7f9cb8739aeb) = 0 <0.000118>
2019 03:48:35.544439 curl_strequal(0x5597b4713ac9, 0x7f9cb8707314, 0x7f9cb8706f6b, 0x7f9cb8739aeb) = 0 <0.000117>
2019 03:48:35.544633 curl_strequal(0x5597b4713b13, 0x7f9cb8707314, 0x7f9cb8706f6b, 0x7f9cb8739aeb) = 0 <0.000119>
2019 03:48:35.544797 curl_strequal(0x5597b4713366, 0x7f9cb8707287, 0x7f9cb8706f6b, 0x7f9cb8739aeb) = 1 <0.000118>
2019 03:48:35.544961 curl_strequal(0x5597b4713366, 0x7f9cb870728f, 0x7f9cb8706f6b, 0x7f9cb8739aeb) = 0 <0.000121>
2019 03:48:35.545128 curl_strequal(0x5597b4713c93, 0x7f9cb870728f, 0x7f9cb8706f6b, 0x7f9cb8739aeb) = 1 <0.000119>
2019 03:48:35.545292 curl_strequal(0x5597b4713366, 0x7f9cb8707299, 0x7f9cb8706f6b, 0x7f9cb8739aeb) = 0 <0.000117>
2019 03:48:35.545455 curl_strequal(0x5597b4713c93, 0x7f9cb8707299, 0x7f9cb8706f6b, 0x7f9cb8739aeb) = 0 <0.000120>
2019 03:48:35.545643 curl_strequal(0x5597b4713c9d, 0x7f9cb8707299, 0x7f9cb8706f6b, 0x7f9cb8739aeb) = 1 <0.000124>
2019 03:48:35.545817 curl_strequal(0x5597b4713366, 0x7f9cb87072a0, 0x7f9cb8706f6b, 0x7f9cb8739aeb) = 0 <0.000146>
2019 03:48:35.546018 curl_strequal(0x5597b4713c93, 0x7f9cb87072a0, 0x7f9cb8706f6b, 0x7f9cb8739aeb) = 0 <0.000127>
2019 03:48:35.546199 curl_strequal(0x5597b4713c9d, 0x7f9cb87072a0, 0x7f9cb8706f6b, 0x7f9cb8739aeb) = 0 <0.000126>
2019 03:48:35.546377 curl_strequal(0x5597b4713ca4, 0x7f9cb87072a0, 0x7f9cb8706f6b, 0x7f9cb8739aeb) = 0 <0.000128>
2019 03:48:35.546571 curl_strequal(0x5597b4713cad, 0x7f9cb87072a0, 0x7f9cb8706f6b, 0x7f9cb8739aeb) = 0 <0.000156>
2019 03:48:35.546780 curl_strequal(0x5597b47142f5, 0x7f9cb87072a0, 0x7f9cb8706f6b, 0x7f9cb8739aeb) = 0 <0.000126>
2019 03:48:35.546960 curl_strequal(0x5597b4713cb3, 0x7f9cb87072a0, 0x7f9cb8706f6b, 0x7f9cb8739aeb) = 0 <0.000129>
2019 03:48:35.547143 curl_strequal(0x5597b4713cb9, 0x7f9cb87072a0, 0x7f9cb8706f6b, 0x7f9cb8739aeb) = 1 <0.000129>
2019 03:48:35.547325 curl_strequal(0x5597b4713366, 0x7f9cb87032c7, 0x7f9cb8706f6b, 0x7f9cb8739aeb) = 0 <0.000125>
2019 03:48:35.547503 curl_strequal(0x5597b4713c93, 0x7f9cb87032c7, 0x7f9cb8706f6b, 0x7f9cb8739aeb) = 0 <0.000181>
2019 03:48:35.547740 curl_strequal(0x5597b4713c9d, 0x7f9cb87032c7, 0x7f9cb8706f6b, 0x7f9cb8739aeb) = 0 <0.000127>
2019 03:48:35.547920 curl_strequal(0x5597b4713ca4, 0x7f9cb87032c7, 0x7f9cb8706f6b, 0x7f9cb8739aeb) = 0 <0.000126>
2019 03:48:35.548101 curl_strequal(0x5597b4713cad, 0x7f9cb87032c7, 0x7f9cb8706f6b, 0x7f9cb8739aeb) = 0 <0.000126>
2019 03:48:35.548280 curl_strequal(0x5597b47142f5, 0x7f9cb87032c7, 0x7f9cb8706f6b, 0x7f9cb8739aeb) = 0 <0.000126>
2019 03:48:35.548460 curl_strequal(0x5597b4713cb3, 0x7f9cb87032c7, 0x7f9cb8706f6b, 0x7f9cb8739aeb) = 0 <0.000143>
2019 03:48:35.548657 curl_strequal(0x5597b4713cb9, 0x7f9cb87032c7, 0x7f9cb8706f6b, 0x7f9cb8739aeb) = 0 <0.000128>
2019 03:48:35.548838 curl_strequal(0x5597b47122e6, 0x7f9cb87032c7, 0x7f9cb8706f6b, 0x7f9cb8739aeb) = 1 <0.000126>
2019 03:48:35.549016 curl_strequal(0x5597b4713366, 0x7f9cb87072a8, 0x7f9cb8706f6b, 0x7f9cb8739aeb) = 0 <0.000129>
2019 03:48:35.549199 curl_strequal(0x5597b4713c93, 0x7f9cb87072a8, 0x7f9cb8706f6b, 0x7f9cb8739aeb) = 0 <0.000127>
2019 03:48:35.549379 curl_strequal(0x5597b4713c9d, 0x7f9cb87072a8, 0x7f9cb8706f6b, 0x7f9cb8739aeb) = 0 <0.000143>
2019 03:48:35.549614 curl_strequal(0x5597b4713ca4, 0x7f9cb87072a8, 0x7f9cb8706f6b, 0x7f9cb8739aeb) = 0 <0.000150>
2019 03:48:35.549819 curl_strequal(0x5597b4713cad, 0x7f9cb87072a8, 0x7f9cb8706f6b, 0x7f9cb8739aeb) = 0 <0.000161>
2019 03:48:35.550036 curl_strequal(0x5597b47142f5, 0x7f9cb87072a8, 0x7f9cb8706f6b, 0x7f9cb8739aeb) = 0 <0.000126>
2019 03:48:35.550221 curl_strequal(0x5597b4713cb3, 0x7f9cb87072a8, 0x7f9cb8706f6b, 0x7f9cb8739aeb) = 0 <0.000139>
2019 03:48:35.550450 curl_strequal(0x5597b4713cb9, 0x7f9cb87072a8, 0x7f9cb8706f6b, 0x7f9cb8739aeb) = 0 <0.000180>
2019 03:48:35.550691 curl_strequal(0x5597b47122e6, 0x7f9cb87072a8, 0x7f9cb8706f6b, 0x7f9cb8739aeb) = 0 <0.000141>
2019 03:48:35.550886 curl_strequal(0x5597b4713cc1, 0x7f9cb87072a8, 0x7f9cb8706f6b, 0x7f9cb8739aeb) = 1 <0.000126>
2019 03:48:35.551073 curl_strequal(0x5597b4713366, 0x7f9cb87072ae, 0x7f9cb8706f6b, 0x7f9cb8739aeb) = 0 <0.000128>
2019 03:48:35.551255 curl_strequal(0x5597b4713c93, 0x7f9cb87072ae, 0x7f9cb8706f6b, 0x7f9cb8739aeb) = 0 <0.000128>
2019 03:48:35.551435 curl_strequal(0x5597b4713c9d, 0x7f9cb87072ae, 0x7f9cb8706f6b, 0x7f9cb8739aeb) = 0 <0.000128>
2019 03:48:35.551625 curl_strequal(0x5597b4713ca4, 0x7f9cb87072ae, 0x7f9cb8706f6b, 0x7f9cb8739aeb) = 0 <0.000131>
2019 03:48:35.551811 curl_strequal(0x5597b4713cad, 0x7f9cb87072ae, 0x7f9cb8706f6b, 0x7f9cb8739aeb) = 0 <0.000126>
2019 03:48:35.551991 curl_strequal(0x5597b47142f5, 0x7f9cb87072ae, 0x7f9cb8706f6b, 0x7f9cb8739aeb) = 0 <0.000132>
2019 03:48:35.552177 curl_strequal(0x5597b4713cb3, 0x7f9cb87072ae, 0x7f9cb8706f6b, 0x7f9cb8739aeb) = 0 <0.000127>
2019 03:48:35.552357 curl_strequal(0x5597b4713cb9, 0x7f9cb87072ae, 0x7f9cb8706f6b, 0x7f9cb8739aeb) = 0 <0.000125>
2019 03:48:35.552536 curl_strequal(0x5597b47122e6, 0x7f9cb87072ae, 0x7f9cb8706f6b, 0x7f9cb8739aeb) = 0 <0.000153>
2019 03:48:35.552743 curl_strequal(0x5597b4713cc1, 0x7f9cb87072ae, 0x7f9cb8706f6b, 0x7f9cb8739aeb) = 0 <0.000133>
2019 03:48:35.552940 curl_strequal(0x5597b4713cc7, 0x7f9cb87072ae, 0x7f9cb8706f6b, 0x7f9cb8739aeb) = 1 <0.000157>
2019 03:48:35.553164 curl_strequal(0x5597b4713366, 0x7f9cb87072b4, 0x7f9cb8706f6b, 0x7f9cb8739aeb) = 0 <0.000146>
2019 03:48:35.553373 curl_strequal(0x5597b4713c93, 0x7f9cb87072b4, 0x7f9cb8706f6b, 0x7f9cb8739aeb) = 0 <0.000129>
2019 03:48:35.553557 curl_strequal(0x5597b4713c9d, 0x7f9cb87072b4, 0x7f9cb8706f6b, 0x7f9cb8739aeb) = 0 <0.000151>
2019 03:48:35.553763 curl_strequal(0x5597b4713ca4, 0x7f9cb87072b4, 0x7f9cb8706f6b, 0x7f9cb8739aeb) = 0 <0.000129>
2019 03:48:35.553975 curl_strequal(0x5597b4713cad, 0x7f9cb87072b4, 0x7f9cb8706f6b, 0x7f9cb8739aeb) = 0 <0.000129>
2019 03:48:35.554159 curl_strequal(0x5597b47142f5, 0x7f9cb87072b4, 0x7f9cb8706f6b, 0x7f9cb8739aeb) = 0 <0.000142>
2019 03:48:35.554377 curl_strequal(0x5597b4713cb3, 0x7f9cb87072b4, 0x7f9cb8706f6b, 0x7f9cb8739aeb) = 0 <0.000173>
2019 03:48:35.554639 curl_strequal(0x5597b4713cb9, 0x7f9cb87072b4, 0x7f9cb8706f6b, 0x7f9cb8739aeb) = 0 <0.000156>
2019 03:48:35.554859 curl_strequal(0x5597b47122e6, 0x7f9cb87072b4, 0x7f9cb8706f6b, 0x7f9cb8739aeb) = 0 <0.000146>
2019 03:48:35.555068 curl_strequal(0x5597b4713cc1, 0x7f9cb87072b4, 0x7f9cb8706f6b, 0x7f9cb8739aeb) = 0 <0.000148>
2019 03:48:35.555280 curl_strequal(0x5597b4713cc7, 0x7f9cb87072b4, 0x7f9cb8706f6b, 0x7f9cb8739aeb) = 0 <0.000149>
2019 03:48:35.555490 curl_strequal(0x5597b4713ccd, 0x7f9cb87072b4, 0x7f9cb8706f6b, 0x7f9cb8739aeb) = 1 <0.000185>
2019 03:48:35.555737 curl_strequal(0x5597b4713366, 0x7f9cb87072c0, 0x7f9cb8706f6b, 0x7f9cb8739aeb) = 0 <0.000146>
2019 03:48:35.555949 curl_strequal(0x5597b4713c93, 0x7f9cb87072c0, 0x7f9cb8706f6b, 0x7f9cb8739aeb) = 0 <0.000150>
2019 03:48:35.556165 curl_strequal(0x5597b4713c9d, 0x7f9cb87072c0, 0x7f9cb8706f6b, 0x7f9cb8739aeb) = 0 <0.000155>
2019 03:48:35.556390 curl_strequal(0x5597b4713ca4, 0x7f9cb87072c0, 0x7f9cb8706f6b, 0x7f9cb8739aeb) = 0 <0.000155>
2019 03:48:35.556649 curl_strequal(0x5597b4713cad, 0x7f9cb87072c0, 0x7f9cb8706f6b, 0x7f9cb8739aeb) = 0 <0.000153>
2019 03:48:35.556870 curl_strequal(0x5597b47142f5, 0x7f9cb87072c0, 0x7f9cb8706f6b, 0x7f9cb8739aeb) = 0 <0.000153>
2019 03:48:35.557096 curl_strequal(0x5597b4713cb3, 0x7f9cb87072c0, 0x7f9cb8706f6b, 0x7f9cb8739aeb) = 0 <0.000148>
2019 03:48:35.557309 curl_strequal(0x5597b4713cb9, 0x7f9cb87072c0, 0x7f9cb8706f6b, 0x7f9cb8739aeb) = 0 <0.000149>
2019 03:48:35.557522 curl_strequal(0x5597b47122e6, 0x7f9cb87072c0, 0x7f9cb8706f6b, 0x7f9cb8739aeb) = 0 <0.000169>
2019 03:48:35.557753 curl_strequal(0x5597b4713cc1, 0x7f9cb87072c0, 0x7f9cb8706f6b, 0x7f9cb8739aeb) = 0 <0.000133>
2019 03:48:35.557979 curl_strequal(0x5597b4713cc7, 0x7f9cb87072c0, 0x7f9cb8706f6b, 0x7f9cb8739aeb) = 0 <0.000152>
2019 03:48:35.558195 curl_strequal(0x5597b4713ccd, 0x7f9cb87072c0, 0x7f9cb8706f6b, 0x7f9cb8739aeb) = 0 <0.000142>
2019 03:48:35.558408 curl_strequal(0x5597b4713cd9, 0x7f9cb87072c0, 0x7f9cb8706f6b, 0x7f9cb8739aeb) = 1 <0.000145>
2019 03:48:35.558642 curl_strequal(0x5597b4713366, 0x7f9cb87072c4, 0x7f9cb8706f6b, 0x7f9cb8739aeb) = 0 <0.000142>
2019 03:48:35.558851 curl_strequal(0x5597b4713c93, 0x7f9cb87072c4, 0x7f9cb8706f6b, 0x7f9cb8739aeb) = 0 <0.000163>
2019 03:48:35.559091 curl_strequal(0x5597b4713c9d, 0x7f9cb87072c4, 0x7f9cb8706f6b, 0x7f9cb8739aeb) = 0 <0.000169>
2019 03:48:35.559335 curl_strequal(0x5597b4713ca4, 0x7f9cb87072c4, 0x7f9cb8706f6b, 0x7f9cb8739aeb) = 0 <0.000168>
2019 03:48:35.559595 curl_strequal(0x5597b4713cad, 0x7f9cb87072c4, 0x7f9cb8706f6b, 0x7f9cb8739aeb) = 0 <0.000176>
2019 03:48:35.559845 curl_strequal(0x5597b47142f5, 0x7f9cb87072c4, 0x7f9cb8706f6b, 0x7f9cb8739aeb) = 0 <0.000181>
2019 03:48:35.560105 curl_strequal(0x5597b4713cb3, 0x7f9cb87072c4, 0x7f9cb8706f6b, 0x7f9cb8739aeb) = 0 <0.000168>
2019 03:48:35.560348 curl_strequal(0x5597b4713cb9, 0x7f9cb87072c4, 0x7f9cb8706f6b, 0x7f9cb8739aeb) = 0 <0.000170>
2019 03:48:35.560610 curl_strequal(0x5597b47122e6, 0x7f9cb87072c4, 0x7f9cb8706f6b, 0x7f9cb8739aeb) = 0 <0.000172>
2019 03:48:35.560860 curl_strequal(0x5597b4713cc1, 0x7f9cb87072c4, 0x7f9cb8706f6b, 0x7f9cb8739aeb) = 0 <0.000173>
2019 03:48:35.561113 curl_strequal(0x5597b4713cc7, 0x7f9cb87072c4, 0x7f9cb8706f6b, 0x7f9cb8739aeb) = 0 <0.000171>
2019 03:48:35.561358 curl_strequal(0x5597b4713ccd, 0x7f9cb87072c4, 0x7f9cb8706f6b, 0x7f9cb8739aeb) = 0 <0.000169>
2019 03:48:35.561631 curl_strequal(0x5597b4713cd9, 0x7f9cb87072c4, 0x7f9cb8706f6b, 0x7f9cb8739aeb) = 0 <0.000174>
2019 03:48:35.561880 curl_strequal(0x5597b4713cdd, 0x7f9cb87072c4, 0x7f9cb8706f6b, 0x7f9cb8739aeb) = 1 <0.000165>
2019 03:48:35.562098 curl_strequal(0x5597b4713366, 0x7f9cb87072c9, 0x7f9cb8706f6b, 0x7f9cb8739aeb) = 0 <0.000137>
2019 03:48:35.562285 curl_strequal(0x5597b4713c93, 0x7f9cb87072c9, 0x7f9cb8706f6b, 0x7f9cb8739aeb) = 0 <0.000147>
2019 03:48:35.562494 curl_strequal(0x5597b4713c9d, 0x7f9cb87072c9, 0x7f9cb8706f6b, 0x7f9cb8739aeb) = 0 <0.000185>
2019 03:48:35.562727 curl_strequal(0x5597b4713ca4, 0x7f9cb87072c9, 0x7f9cb8706f6b, 0x7f9cb8739aeb) = 0 <0.000136>
2019 03:48:35.562911 curl_strequal(0x5597b4713cad, 0x7f9cb87072c9, 0x7f9cb8706f6b, 0x7f9cb8739aeb) = 0 <0.000138>
2019 03:48:35.563098 curl_strequal(0x5597b47142f5, 0x7f9cb87072c9, 0x7f9cb8706f6b, 0x7f9cb8739aeb) = 0 <0.000136>
2019 03:48:35.563281 curl_strequal(0x5597b4713cb3, 0x7f9cb87072c9, 0x7f9cb8706f6b, 0x7f9cb8739aeb) = 0 <0.000136>
2019 03:48:35.563465 curl_strequal(0x5597b4713cb9, 0x7f9cb87072c9, 0x7f9cb8706f6b, 0x7f9cb8739aeb) = 0 <0.000173>
2019 03:48:35.563689 curl_strequal(0x5597b47122e6, 0x7f9cb87072c9, 0x7f9cb8706f6b, 0x7f9cb8739aeb) = 0 <0.000135>
2019 03:48:35.563874 curl_strequal(0x5597b4713cc1, 0x7f9cb87072c9, 0x7f9cb8706f6b, 0x7f9cb8739aeb) = 0 <0.000135>
2019 03:48:35.564056 curl_strequal(0x5597b4713cc7, 0x7f9cb87072c9, 0x7f9cb8706f6b, 0x7f9cb8739aeb) = 0 <0.000137>
2019 03:48:35.564242 curl_strequal(0x5597b4713ccd, 0x7f9cb87072c9, 0x7f9cb8706f6b, 0x7f9cb8739aeb) = 0 <0.000134>
2019 03:48:35.564425 curl_strequal(0x5597b4713cd9, 0x7f9cb87072c9, 0x7f9cb8706f6b, 0x7f9cb8739aeb) = 0 <0.000135>
2019 03:48:35.564607 curl_strequal(0x5597b4713cdd, 0x7f9cb87072c9, 0x7f9cb8706f6b, 0x7f9cb8739aeb) = 0 <0.000140>
2019 03:48:35.564795 curl_strequal(0x5597b4713ce2, 0x7f9cb87072c9, 0x7f9cb8706f6b, 0x7f9cb8739aeb) = 1 <0.000136>
2019 03:48:35.564980 curl_strequal(0x5597b4713366, 0x7f9cb87072d2, 0x7f9cb8706f6b, 0x7f9cb8739aeb) = 0 <0.000137>
2019 03:48:35.565166 curl_strequal(0x5597b4713c93, 0x7f9cb87072d2, 0x7f9cb8706f6b, 0x7f9cb8739aeb) = 0 <0.000136>
2019 03:48:35.565353 curl_strequal(0x5597b4713c9d, 0x7f9cb87072d2, 0x7f9cb8706f6b, 0x7f9cb8739aeb) = 0 <0.000135>
2019 03:48:35.565538 curl_strequal(0x5597b4713ca4, 0x7f9cb87072d2, 0x7f9cb8706f6b, 0x7f9cb8739aeb) = 0 <0.000149>
2019 03:48:35.565738 curl_strequal(0x5597b4713cad, 0x7f9cb87072d2, 0x7f9cb8706f6b, 0x7f9cb8739aeb) = 0 <0.000142>
2019 03:48:35.565977 curl_strequal(0x5597b47142f5, 0x7f9cb87072d2, 0x7f9cb8706f6b, 0x7f9cb8739aeb) = 0 <0.000173>
2019 03:48:35.566231 curl_strequal(0x5597b4713cb3, 0x7f9cb87072d2, 0x7f9cb8706f6b, 0x7f9cb8739aeb) = 0 <0.000170>
2019 03:48:35.566481 curl_strequal(0x5597b4713cb9, 0x7f9cb87072d2, 0x7f9cb8706f6b, 0x7f9cb8739aeb) = 0 <0.000223>
2019 03:48:35.566792 curl_strequal(0x5597b47122e6, 0x7f9cb87072d2, 0x7f9cb8706f6b, 0x7f9cb8739aeb) = 0 <0.000195>
2019 03:48:35.567068 curl_strequal(0x5597b4713cc1, 0x7f9cb87072d2, 0x7f9cb8706f6b, 0x7f9cb8739aeb) = 0 <0.000193>
2019 03:48:35.567348 curl_strequal(0x5597b4713cc7, 0x7f9cb87072d2, 0x7f9cb8706f6b, 0x7f9cb8739aeb) = 0 <0.000191>
2019 03:48:35.567649 curl_strequal(0x5597b4713ccd, 0x7f9cb87072d2, 0x7f9cb8706f6b, 0x7f9cb8739aeb) = 0 <0.000191>
2019 03:48:35.567922 curl_strequal(0x5597b4713cd9, 0x7f9cb87072d2, 0x7f9cb8706f6b, 0x7f9cb8739aeb) = 0 <0.000195>
2019 03:48:35.568201 curl_strequal(0x5597b4713cdd, 0x7f9cb87072d2, 0x7f9cb8706f6b, 0x7f9cb8739aeb) = 0 <0.000193>
2019 03:48:35.568476 curl_strequal(0x5597b4713ce2, 0x7f9cb87072d2, 0x7f9cb8706f6b, 0x7f9cb8739aeb) = 0 <0.000237>
2019 03:48:35.568799 curl_strequal(0x5597b4713ceb, 0x7f9cb87072d2, 0x7f9cb8706f6b, 0x7f9cb8739aeb) = 1 <0.000198>
2019 03:48:35.569081 curl_strequal(0x5597b4713366, 0x7f9cb87072dc, 0x7f9cb8706f6b, 0x7f9cb8739aeb) = 0 <0.000195>
2019 03:48:35.569359 curl_strequal(0x5597b4713c93, 0x7f9cb87072dc, 0x7f9cb8706f6b, 0x7f9cb8739aeb) = 0 <0.000191>
2019 03:48:35.569648 curl_strequal(0x5597b4713c9d, 0x7f9cb87072dc, 0x7f9cb8706f6b, 0x7f9cb8739aeb) = 0 <0.000199>
2019 03:48:35.570008 curl_strequal(0x5597b4713ca4, 0x7f9cb87072dc, 0x7f9cb8706f6b, 0x7f9cb8739aeb) = 0 <0.000212>
2019 03:48:35.570285 curl_strequal(0x5597b4713cad, 0x7f9cb87072dc, 0x7f9cb8706f6b, 0x7f9cb8739aeb) = 0 <0.000169>
2019 03:48:35.570518 curl_strequal(0x5597b47142f5, 0x7f9cb87072dc, 0x7f9cb8706f6b, 0x7f9cb8739aeb) = 0 <0.000178>
2019 03:48:35.570759 curl_strequal(0x5597b4713cb3, 0x7f9cb87072dc, 0x7f9cb8706f6b, 0x7f9cb8739aeb) = 0 <0.000163>
2019 03:48:35.570982 curl_strequal(0x5597b4713cb9, 0x7f9cb87072dc, 0x7f9cb8706f6b, 0x7f9cb8739aeb) = 0 <0.000162>
2019 03:48:35.571203 curl_strequal(0x5597b47122e6, 0x7f9cb87072dc, 0x7f9cb8706f6b, 0x7f9cb8739aeb) = 0 <0.000156>
2019 03:48:35.571423 curl_strequal(0x5597b4713cc1, 0x7f9cb87072dc, 0x7f9cb8706f6b, 0x7f9cb8739aeb) = 0 <0.000196>
2019 03:48:35.571687 curl_strequal(0x5597b4713cc7, 0x7f9cb87072dc, 0x7f9cb8706f6b, 0x7f9cb8739aeb) = 0 <0.000163>
2019 03:48:35.571910 curl_strequal(0x5597b4713ccd, 0x7f9cb87072dc, 0x7f9cb8706f6b, 0x7f9cb8739aeb) = 0 <0.000158>
2019 03:48:35.572132 curl_strequal(0x5597b4713cd9, 0x7f9cb87072dc, 0x7f9cb8706f6b, 0x7f9cb8739aeb) = 0 <0.000157>
2019 03:48:35.572350 curl_strequal(0x5597b4713cdd, 0x7f9cb87072dc, 0x7f9cb8706f6b, 0x7f9cb8739aeb) = 0 <0.000160>
2019 03:48:35.572570 curl_strequal(0x5597b4713ce2, 0x7f9cb87072dc, 0x7f9cb8706f6b, 0x7f9cb8739aeb) = 0 <0.000185>
2019 03:48:35.572815 curl_strequal(0x5597b4713ceb, 0x7f9cb87072dc, 0x7f9cb8706f6b, 0x7f9cb8739aeb) = 0 <0.000160>
2019 03:48:35.573035 curl_strequal(0x5597b4713cf5, 0x7f9cb87072dc, 0x7f9cb8706f6b, 0x7f9cb8739aeb) = 1 <0.000161>
2019 03:48:35.573256 curl_strequal(0x5597b4713366, 0x7f9cb8704819, 0x7f9cb8706f6b, 0x7f9cb8739aeb) = 0 <0.000183>
2019 03:48:35.573496 curl_strequal(0x5597b4713c93, 0x7f9cb8704819, 0x7f9cb8706f6b, 0x7f9cb8739aeb) = 0 <0.000174>
2019 03:48:35.573740 curl_strequal(0x5597b4713c9d, 0x7f9cb8704819, 0x7f9cb8706f6b, 0x7f9cb8739aeb) = 0 <0.000167>
2019 03:48:35.574094 curl_strequal(0x5597b4713ca4, 0x7f9cb8704819, 0x7f9cb8706f6b, 0x7f9cb8739aeb) = 0 <0.000193>
2019 03:48:35.574371 curl_strequal(0x5597b4713cad, 0x7f9cb8704819, 0x7f9cb8706f6b, 0x7f9cb8739aeb) = 0 <0.000189>
2019 03:48:35.574663 curl_strequal(0x5597b47142f5, 0x7f9cb8704819, 0x7f9cb8706f6b, 0x7f9cb8739aeb) = 0 <0.000191>
2019 03:48:35.574939 curl_strequal(0x5597b4713cb3, 0x7f9cb8704819, 0x7f9cb8706f6b, 0x7f9cb8739aeb) = 0 <0.000190>
2019 03:48:35.575212 curl_strequal(0x5597b4713cb9, 0x7f9cb8704819, 0x7f9cb8706f6b, 0x7f9cb8739aeb) = 0 <0.000190>
2019 03:48:35.575486 curl_strequal(0x5597b47122e6, 0x7f9cb8704819, 0x7f9cb8706f6b, 0x7f9cb8739aeb) = 0 <0.000220>
2019 03:48:35.575806 curl_strequal(0x5597b4713cc1, 0x7f9cb8704819, 0x7f9cb8706f6b, 0x7f9cb8739aeb) = 0 <0.000192>
2019 03:48:35.576085 curl_strequal(0x5597b4713cc7, 0x7f9cb8704819, 0x7f9cb8706f6b, 0x7f9cb8739aeb) = 0 <0.000192>
2019 03:48:35.576361 curl_strequal(0x5597b4713ccd, 0x7f9cb8704819, 0x7f9cb8706f6b, 0x7f9cb8739aeb) = 0 <0.000192>
2019 03:48:35.576649 curl_strequal(0x5597b4713cd9, 0x7f9cb8704819, 0x7f9cb8706f6b, 0x7f9cb8739aeb) = 0 <0.000192>
2019 03:48:35.576924 curl_strequal(0x5597b4713cdd, 0x7f9cb8704819, 0x7f9cb8706f6b, 0x7f9cb8739aeb) = 0 <0.000191>
2019 03:48:35.577190 curl_strequal(0x5597b4713ce2, 0x7f9cb8704819, 0x7f9cb8706f6b, 0x7f9cb8739aeb) = 0 <0.000179>
2019 03:48:35.577444 curl_strequal(0x5597b4713ceb, 0x7f9cb8704819, 0x7f9cb8706f6b, 0x7f9cb8739aeb) = 0 <0.000197>
2019 03:48:35.577720 curl_strequal(0x5597b4713cf5, 0x7f9cb8704819, 0x7f9cb8706f6b, 0x7f9cb8739aeb) = 0 <0.000191>
2019 03:48:35.578029 curl_strequal(0x5597b4713cfa, 0x7f9cb8704819, 0x7f9cb8706f6b, 0x7f9cb8739aeb) = 0 <0.000150>
2019 03:48:35.578236 curl_strequal(0x5597b4716415, 0x7f9cb8704819, 0x7f9cb8706f6b, 0x7f9cb8739aeb) = 1 <0.000147>
2019 03:48:35.578442 curl_strequal(0x5597b4713366, 0x7f9cb87072e1, 0x7f9cb8706f6b, 0x7f9cb8739aeb) = 0 <0.000160>
2019 03:48:35.578665 curl_strequal(0x5597b4713c93, 0x7f9cb87072e1, 0x7f9cb8706f6b, 0x7f9cb8739aeb) = 0 <0.000145>
2019 03:48:35.578866 curl_strequal(0x5597b4713c9d, 0x7f9cb87072e1, 0x7f9cb8706f6b, 0x7f9cb8739aeb) = 0 <0.000144>
2019 03:48:35.579068 curl_strequal(0x5597b4713ca4, 0x7f9cb87072e1, 0x7f9cb8706f6b, 0x7f9cb8739aeb) = 0 <0.000146>
2019 03:48:35.579273 curl_strequal(0x5597b4713cad, 0x7f9cb87072e1, 0x7f9cb8706f6b, 0x7f9cb8739aeb) = 0 <0.000146>
2019 03:48:35.579476 curl_strequal(0x5597b47142f5, 0x7f9cb87072e1, 0x7f9cb8706f6b, 0x7f9cb8739aeb) = 0 <0.000183>
2019 03:48:35.579719 curl_strequal(0x5597b4713cb3, 0x7f9cb87072e1, 0x7f9cb8706f6b, 0x7f9cb8739aeb) = 0 <0.000151>
2019 03:48:35.579931 curl_strequal(0x5597b4713cb9, 0x7f9cb87072e1, 0x7f9cb8706f6b, 0x7f9cb8739aeb) = 0 <0.000172>
2019 03:48:35.580165 curl_strequal(0x5597b47122e6, 0x7f9cb87072e1, 0x7f9cb8706f6b, 0x7f9cb8739aeb) = 0 <0.000151>
2019 03:48:35.580373 curl_strequal(0x5597b4713cc1, 0x7f9cb87072e1, 0x7f9cb8706f6b, 0x7f9cb8739aeb) = 0 <0.000148>
2019 03:48:35.580604 curl_strequal(0x5597b4713cc7, 0x7f9cb87072e1, 0x7f9cb8706f6b, 0x7f9cb8739aeb) = 0 <0.000154>
2019 03:48:35.580821 curl_strequal(0x5597b4713ccd, 0x7f9cb87072e1, 0x7f9cb8706f6b, 0x7f9cb8739aeb) = 0 <0.000145>
2019 03:48:35.581025 curl_strequal(0x5597b4713cd9, 0x7f9cb87072e1, 0x7f9cb8706f6b, 0x7f9cb8739aeb) = 0 <0.000163>
2019 03:48:35.581247 curl_strequal(0x5597b4713cdd, 0x7f9cb87072e1, 0x7f9cb8706f6b, 0x7f9cb8739aeb) = 0 <0.000148>
2019 03:48:35.581453 curl_strequal(0x5597b4713ce2, 0x7f9cb87072e1, 0x7f9cb8706f6b, 0x7f9cb8739aeb) = 0 <0.000183>
2019 03:48:35.581700 curl_strequal(0x5597b4713ceb, 0x7f9cb87072e1, 0x7f9cb8706f6b, 0x7f9cb8739aeb) = 0 <0.000156>
2019 03:48:35.581921 curl_strequal(0x5597b4713cf5, 0x7f9cb87072e1, 0x7f9cb8706f6b, 0x7f9cb8739aeb) = 0 <0.000204>
2019 03:48:35.582199 curl_strequal(0x5597b4713cfa, 0x7f9cb87072e1, 0x7f9cb8706f6b, 0x7f9cb8739aeb) = 0 <0.000181>
2019 03:48:35.582457 curl_strequal(0x5597b4716415, 0x7f9cb87072e1, 0x7f9cb8706f6b, 0x7f9cb8739aeb) = 0 <0.000224>
2019 03:48:35.582762 curl_strequal(0x5597b4713d03, 0x7f9cb87072e1, 0x7f9cb8706f6b, 0x7f9cb8739aeb) = 0 <0.000190>
2019 03:48:35.583028 curl_strequal(0x5597b4713d0b, 0x7f9cb87072e1, 0x7f9cb8706f6b, 0x7f9cb8739aeb) = 1 <0.000186>
2019 03:48:35.583286 curl_strequal(0x5597b4713366, 0x7f9cb87072e5, 0x7f9cb8706f6b, 0x7f9cb8739aeb) = 0 <0.000175>
2019 03:48:35.583537 curl_strequal(0x5597b4713c93, 0x7f9cb87072e5, 0x7f9cb8706f6b, 0x7f9cb8739aeb) = 0 <0.000224>
2019 03:48:35.583841 curl_strequal(0x5597b4713c9d, 0x7f9cb87072e5, 0x7f9cb8706f6b, 0x7f9cb8739aeb) = 0 <0.000183>
2019 03:48:35.584107 curl_strequal(0x5597b4713ca4, 0x7f9cb87072e5, 0x7f9cb8706f6b, 0x7f9cb8739aeb) = 0 <0.000186>
2019 03:48:35.584370 curl_strequal(0x5597b4713cad, 0x7f9cb87072e5, 0x7f9cb8706f6b, 0x7f9cb8739aeb) = 0 <0.000780>
2019 03:48:35.585277 curl_strequal(0x5597b47142f5, 0x7f9cb87072e5, 0x7f9cb8706f6b, 0x7f9cb8739aeb) = 0 <0.000193>
2019 03:48:35.585547 curl_strequal(0x5597b4713cb3, 0x7f9cb87072e5, 0x7f9cb8706f6b, 0x7f9cb8739aeb) = 0 <0.000222>
2019 03:48:35.585851 curl_strequal(0x5597b4713cb9, 0x7f9cb87072e5, 0x7f9cb8706f6b, 0x7f9cb8739aeb) = 0 <0.000175>
2019 03:48:35.586091 curl_strequal(0x5597b47122e6, 0x7f9cb87072e5, 0x7f9cb8706f6b, 0x7f9cb8739aeb) = 0 <0.000146>
2019 03:48:35.586296 curl_strequal(0x5597b4713cc1, 0x7f9cb87072e5, 0x7f9cb8706f6b, 0x7f9cb8739aeb) = 0 <0.000149>
2019 03:48:35.586505 curl_strequal(0x5597b4713cc7, 0x7f9cb87072e5, 0x7f9cb8706f6b, 0x7f9cb8739aeb) = 0 <0.000163>
2019 03:48:35.586727 curl_strequal(0x5597b4713ccd, 0x7f9cb87072e5, 0x7f9cb8706f6b, 0x7f9cb8739aeb) = 0 <0.000148>
2019 03:48:35.586934 curl_strequal(0x5597b4713cd9, 0x7f9cb87072e5, 0x7f9cb8706f6b, 0x7f9cb8739aeb) = 0 <0.000149>
2019 03:48:35.587139 curl_strequal(0x5597b4713cdd, 0x7f9cb87072e5, 0x7f9cb8706f6b, 0x7f9cb8739aeb) = 0 <0.000145>
2019 03:48:35.587342 curl_strequal(0x5597b4713ce2, 0x7f9cb87072e5, 0x7f9cb8706f6b, 0x7f9cb8739aeb) = 0 <0.000143>
2019 03:48:35.587543 curl_strequal(0x5597b4713ceb, 0x7f9cb87072e5, 0x7f9cb8706f6b, 0x7f9cb8739aeb) = 0 <0.000171>
2019 03:48:35.587773 curl_strequal(0x5597b4713cf5, 0x7f9cb87072e5, 0x7f9cb8706f6b, 0x7f9cb8739aeb) = 0 <0.000146>
2019 03:48:35.587977 curl_strequal(0x5597b4713cfa, 0x7f9cb87072e5, 0x7f9cb8706f6b, 0x7f9cb8739aeb) = 0 <0.000150>
2019 03:48:35.588184 curl_strequal(0x5597b4716415, 0x7f9cb87072e5, 0x7f9cb8706f6b, 0x7f9cb8739aeb) = 0 <0.000147>
2019 03:48:35.588389 curl_strequal(0x5597b4713d03, 0x7f9cb87072e5, 0x7f9cb8706f6b, 0x7f9cb8739aeb) = 0 <0.000147>
2019 03:48:35.588605 curl_strequal(0x5597b4713d0b, 0x7f9cb87072e5, 0x7f9cb8706f6b, 0x7f9cb8739aeb) = 0 <0.000153>
2019 03:48:35.588817 curl_strequal(0x5597b4713d0f, 0x7f9cb87072e5, 0x7f9cb8706f6b, 0x7f9cb8739aeb) = 1 <0.000141>
2019 03:48:35.589017 curl_strequal(0x5597b4713366, 0x7f9cb8703d59, 0x7f9cb8706f6b, 0x7f9cb8739aeb) = 0 <0.000147>
2019 03:48:35.589222 curl_strequal(0x5597b4713c93, 0x7f9cb8703d59, 0x7f9cb8706f6b, 0x7f9cb8739aeb) = 0 <0.000143>
2019 03:48:35.589421 curl_strequal(0x5597b4713c9d, 0x7f9cb8703d59, 0x7f9cb8706f6b, 0x7f9cb8739aeb) = 0 <0.000145>
2019 03:48:35.589650 curl_strequal(0x5597b4713ca4, 0x7f9cb8703d59, 0x7f9cb8706f6b, 0x7f9cb8739aeb) = 0 <0.000145>
2019 03:48:35.589853 curl_strequal(0x5597b4713cad, 0x7f9cb8703d59, 0x7f9cb8706f6b, 0x7f9cb8739aeb) = 0 <0.000230>
2019 03:48:35.590153 curl_strequal(0x5597b47142f5, 0x7f9cb8703d59, 0x7f9cb8706f6b, 0x7f9cb8739aeb) = 0 <0.000169>
2019 03:48:35.590388 curl_strequal(0x5597b4713cb3, 0x7f9cb8703d59, 0x7f9cb8706f6b, 0x7f9cb8739aeb) = 0 <0.000164>
2019 03:48:35.590639 curl_strequal(0x5597b4713cb9, 0x7f9cb8703d59, 0x7f9cb8706f6b, 0x7f9cb8739aeb) = 0 <0.000168>
2019 03:48:35.590878 curl_strequal(0x5597b47122e6, 0x7f9cb8703d59, 0x7f9cb8706f6b, 0x7f9cb8739aeb) = 0 <0.000182>
2019 03:48:35.591127 curl_strequal(0x5597b4713cc1, 0x7f9cb8703d59, 0x7f9cb8706f6b, 0x7f9cb8739aeb) = 0 <0.000165>
2019 03:48:35.591358 curl_strequal(0x5597b4713cc7, 0x7f9cb8703d59, 0x7f9cb8706f6b, 0x7f9cb8739aeb) = 0 <0.000168>
2019 03:48:35.591604 curl_strequal(0x5597b4713ccd, 0x7f9cb8703d59, 0x7f9cb8706f6b, 0x7f9cb8739aeb) = 0 <0.000172>
2019 03:48:35.591837 curl_strequal(0x5597b4713cd9, 0x7f9cb8703d59, 0x7f9cb8706f6b, 0x7f9cb8739aeb) = 0 <0.000159>
2019 03:48:35.592065 curl_strequal(0x5597b4713cdd, 0x7f9cb8703d59, 0x7f9cb8706f6b, 0x7f9cb8739aeb) = 0 <0.000171>
2019 03:48:35.592304 curl_strequal(0x5597b4713ce2, 0x7f9cb8703d59, 0x7f9cb8706f6b, 0x7f9cb8739aeb) = 0 <0.000166>
2019 03:48:35.592538 curl_strequal(0x5597b4713ceb, 0x7f9cb8703d59, 0x7f9cb8706f6b, 0x7f9cb8739aeb) = 0 <0.000195>
2019 03:48:35.592798 curl_strequal(0x5597b4713cf5, 0x7f9cb8703d59, 0x7f9cb8706f6b, 0x7f9cb8739aeb) = 0 <0.000163>
2019 03:48:35.593026 curl_strequal(0x5597b4713cfa, 0x7f9cb8703d59, 0x7f9cb8706f6b, 0x7f9cb8739aeb) = 0 <0.000167>
2019 03:48:35.593260 curl_strequal(0x5597b4716415, 0x7f9cb8703d59, 0x7f9cb8706f6b, 0x7f9cb8739aeb) = 0 <0.000169>
2019 03:48:35.593511 curl_strequal(0x5597b4713d03, 0x7f9cb8703d59, 0x7f9cb8706f6b, 0x7f9cb8739aeb) = 0 <0.000210>
2019 03:48:35.593792 curl_strequal(0x5597b4713d0b, 0x7f9cb8703d59, 0x7f9cb8706f6b, 0x7f9cb8739aeb) = 0 <0.000203>
2019 03:48:35.594066 curl_strequal(0x5597b4713d0f, 0x7f9cb8703d59, 0x7f9cb8706f6b, 0x7f9cb8739aeb) = 0 <0.000172>
2019 03:48:35.594309 curl_strequal(0x5597b47128e8, 0x7f9cb8703d59, 0x7f9cb8706f6b, 0x7f9cb8739aeb) = 1 <0.000168>
2019 03:48:35.594546 curl_strequal(0x5597b4713366, 0x7f9cb87072ec, 0x7f9cb8706f6b, 0x7f9cb8739aeb) = 0 <0.000203>
2019 03:48:35.594819 curl_strequal(0x5597b4713c93, 0x7f9cb87072ec, 0x7f9cb8706f6b, 0x7f9cb8739aeb) = 0 <0.000166>
2019 03:48:35.595055 curl_strequal(0x5597b4713c9d, 0x7f9cb87072ec, 0x7f9cb8706f6b, 0x7f9cb8739aeb) = 0 <0.000169>
2019 03:48:35.595290 curl_strequal(0x5597b4713ca4, 0x7f9cb87072ec, 0x7f9cb8706f6b, 0x7f9cb8739aeb) = 0 <0.000166>
2019 03:48:35.595523 curl_strequal(0x5597b4713cad, 0x7f9cb87072ec, 0x7f9cb8706f6b, 0x7f9cb8739aeb) = 0 <0.000176>
2019 03:48:35.595766 curl_strequal(0x5597b47142f5, 0x7f9cb87072ec, 0x7f9cb8706f6b, 0x7f9cb8739aeb) = 0 <0.000164>
2019 03:48:35.595997 curl_strequal(0x5597b4713cb3, 0x7f9cb87072ec, 0x7f9cb8706f6b, 0x7f9cb8739aeb) = 0 <0.000169>
2019 03:48:35.596231 curl_strequal(0x5597b4713cb9, 0x7f9cb87072ec, 0x7f9cb8706f6b, 0x7f9cb8739aeb) = 0 <0.000169>
2019 03:48:35.596467 curl_strequal(0x5597b47122e6, 0x7f9cb87072ec, 0x7f9cb8706f6b, 0x7f9cb8739aeb) = 0 <0.000202>
2019 03:48:35.596737 curl_strequal(0x5597b4713cc1, 0x7f9cb87072ec, 0x7f9cb8706f6b, 0x7f9cb8739aeb) = 0 <0.000165>
2019 03:48:35.596970 curl_strequal(0x5597b4713cc7, 0x7f9cb87072ec, 0x7f9cb8706f6b, 0x7f9cb8739aeb) = 0 <0.000166>
2019 03:48:35.597213 curl_strequal(0x5597b4713ccd, 0x7f9cb87072ec, 0x7f9cb8706f6b, 0x7f9cb8739aeb) = 0 <0.000169>
2019 03:48:35.597448 curl_strequal(0x5597b4713cd9, 0x7f9cb87072ec, 0x7f9cb8706f6b, 0x7f9cb8739aeb) = 0 <0.000191>
2019 03:48:35.597710 curl_strequal(0x5597b4713cdd, 0x7f9cb87072ec, 0x7f9cb8706f6b, 0x7f9cb8739aeb) = 0 <0.000171>
2019 03:48:35.597984 curl_strequal(0x5597b4713ce2, 0x7f9cb87072ec, 0x7f9cb8706f6b, 0x7f9cb8739aeb) = 0 <0.000170>
2019 03:48:35.598222 curl_strequal(0x5597b4713ceb, 0x7f9cb87072ec, 0x7f9cb8706f6b, 0x7f9cb8739aeb) = 0 <0.000173>
2019 03:48:35.598462 curl_strequal(0x5597b4713cf5, 0x7f9cb87072ec, 0x7f9cb8706f6b, 0x7f9cb8739aeb) = 0 <0.000220>
2019 03:48:35.598751 curl_strequal(0x5597b4713cfa, 0x7f9cb87072ec, 0x7f9cb8706f6b, 0x7f9cb8739aeb) = 0 <0.000168>
2019 03:48:35.598987 curl_strequal(0x5597b4716415, 0x7f9cb87072ec, 0x7f9cb8706f6b, 0x7f9cb8739aeb) = 0 <0.000169>
2019 03:48:35.599223 curl_strequal(0x5597b4713d03, 0x7f9cb87072ec, 0x7f9cb8706f6b, 0x7f9cb8739aeb) = 0 <0.000166>
2019 03:48:35.599457 curl_strequal(0x5597b4713d0b, 0x7f9cb87072ec, 0x7f9cb8706f6b, 0x7f9cb8739aeb) = 0 <0.000187>
2019 03:48:35.599711 curl_strequal(0x5597b4713d0f, 0x7f9cb87072ec, 0x7f9cb8706f6b, 0x7f9cb8739aeb) = 0 <0.000169>
2019 03:48:35.599945 curl_strequal(0x5597b47128e8, 0x7f9cb87072ec, 0x7f9cb8706f6b, 0x7f9cb8739aeb) = 0 <0.000188>
2019 03:48:35.600198 curl_strequal(0x5597b4713d16, 0x7f9cb87072ec, 0x7f9cb8706f6b, 0x7f9cb8739aeb) = 0 <0.000171>
2019 03:48:35.600438 curl_strequal(0x5597b4713d1b, 0x7f9cb87072ec, 0x7f9cb8706f6b, 0x7f9cb8739aeb) = 0 <0.000180>
2019 03:48:35.600692 curl_strequal(0x5597b4713d27, 0x7f9cb87072ec, 0x7f9cb8706f6b, 0x7f9cb8739aeb) = 1 <0.000169>
2019 03:48:35.600928 curl_strequal(0x5597b4713366, 0x7f9cb87072f7, 0x7f9cb8706f6b, 0x7f9cb8739aeb) = 0 <0.000170>
2019 03:48:35.601163 curl_strequal(0x5597b4713c93, 0x7f9cb87072f7, 0x7f9cb8706f6b, 0x7f9cb8739aeb) = 0 <0.000167>
2019 03:48:35.601397 curl_strequal(0x5597b4713c9d, 0x7f9cb87072f7, 0x7f9cb8706f6b, 0x7f9cb8739aeb) = 0 <0.000167>
2019 03:48:35.601657 curl_strequal(0x5597b4713ca4, 0x7f9cb87072f7, 0x7f9cb8706f6b, 0x7f9cb8739aeb) = 0 <0.000191>
2019 03:48:35.601917 curl_strequal(0x5597b4713cad, 0x7f9cb87072f7, 0x7f9cb8706f6b, 0x7f9cb8739aeb) = 0 <0.000226>
2019 03:48:35.602213 curl_strequal(0x5597b47142f5, 0x7f9cb87072f7, 0x7f9cb8706f6b, 0x7f9cb8739aeb) = 0 <0.000170>
2019 03:48:35.602462 curl_strequal(0x5597b4713cb3, 0x7f9cb87072f7, 0x7f9cb8706f6b, 0x7f9cb8739aeb) = 0 <0.000206>
2019 03:48:35.602737 curl_strequal(0x5597b4713cb9, 0x7f9cb87072f7, 0x7f9cb8706f6b, 0x7f9cb8739aeb) = 0 <0.000168>
2019 03:48:35.602974 curl_strequal(0x5597b47122e6, 0x7f9cb87072f7, 0x7f9cb8706f6b, 0x7f9cb8739aeb) = 0 <0.000168>
2019 03:48:35.603209 curl_strequal(0x5597b4713cc1, 0x7f9cb87072f7, 0x7f9cb8706f6b, 0x7f9cb8739aeb) = 0 <0.000166>
2019 03:48:35.603444 curl_strequal(0x5597b4713cc7, 0x7f9cb87072f7, 0x7f9cb8706f6b, 0x7f9cb8739aeb) = 0 <0.000182>
2019 03:48:35.603699 curl_strequal(0x5597b4713ccd, 0x7f9cb87072f7, 0x7f9cb8706f6b, 0x7f9cb8739aeb) = 0 <0.000165>
2019 03:48:35.603930 curl_strequal(0x5597b4713cd9, 0x7f9cb87072f7, 0x7f9cb8706f6b, 0x7f9cb8739aeb) = 0 <0.000167>
2019 03:48:35.604164 curl_strequal(0x5597b4713cdd, 0x7f9cb87072f7, 0x7f9cb8706f6b, 0x7f9cb8739aeb) = 0 <0.000168>
2019 03:48:35.604399 curl_strequal(0x5597b4713ce2, 0x7f9cb87072f7, 0x7f9cb8706f6b, 0x7f9cb8739aeb) = 0 <0.000168>
2019 03:48:35.604658 curl_strequal(0x5597b4713ceb, 0x7f9cb87072f7, 0x7f9cb8706f6b, 0x7f9cb8739aeb) = 0 <0.000169>
2019 03:48:35.604893 curl_strequal(0x5597b4713cf5, 0x7f9cb87072f7, 0x7f9cb8706f6b, 0x7f9cb8739aeb) = 0 <0.000165>
2019 03:48:35.605124 curl_strequal(0x5597b4713cfa, 0x7f9cb87072f7, 0x7f9cb8706f6b, 0x7f9cb8739aeb) = 0 <0.000165>
2019 03:48:35.605355 curl_strequal(0x5597b4716415, 0x7f9cb87072f7, 0x7f9cb8706f6b, 0x7f9cb8739aeb) = 0 <0.000170>
2019 03:48:35.605604 curl_strequal(0x5597b4713d03, 0x7f9cb87072f7, 0x7f9cb8706f6b, 0x7f9cb8739aeb) = 0 <0.000175>
2019 03:48:35.605847 curl_strequal(0x5597b4713d0b, 0x7f9cb87072f7, 0x7f9cb8706f6b, 0x7f9cb8739aeb) = 0 <0.000204>
2019 03:48:35.606120 curl_strequal(0x5597b4713d0f, 0x7f9cb87072f7, 0x7f9cb8706f6b, 0x7f9cb8739aeb) = 0 <0.000169>
2019 03:48:35.606356 curl_strequal(0x5597b47128e8, 0x7f9cb87072f7, 0x7f9cb8706f6b, 0x7f9cb8739aeb) = 0 <0.000165>
2019 03:48:35.606621 curl_strequal(0x5597b4713d16, 0x7f9cb87072f7, 0x7f9cb8706f6b, 0x7f9cb8739aeb) = 0 <0.000173>
2019 03:48:35.606861 curl_strequal(0x5597b4713d1b, 0x7f9cb87072f7, 0x7f9cb8706f6b, 0x7f9cb8739aeb) = 0 <0.000165>
2019 03:48:35.607094 curl_strequal(0x5597b4713d27, 0x7f9cb87072f7, 0x7f9cb8706f6b, 0x7f9cb8739aeb) = 0 <0.000165>
2019 03:48:35.607325 curl_strequal(0x5597b4713d32, 0x7f9cb87072f7, 0x7f9cb8706f6b, 0x7f9cb8739aeb) = 1 <0.000166>
2019 03:48:35.607558 curl_strequal(0x5597b4713366, 0x7f9cb87072ff, 0x7f9cb8706f6b, 0x7f9cb8739aeb) = 0 <0.000199>
2019 03:48:35.607825 curl_strequal(0x5597b4713c93, 0x7f9cb87072ff, 0x7f9cb8706f6b, 0x7f9cb8739aeb) = 0 <0.000171>
2019 03:48:35.608069 curl_strequal(0x5597b4713c9d, 0x7f9cb87072ff, 0x7f9cb8706f6b, 0x7f9cb8739aeb) = 0 <0.000169>
2019 03:48:35.608312 curl_strequal(0x5597b4713ca4, 0x7f9cb87072ff, 0x7f9cb8706f6b, 0x7f9cb8739aeb) = 0 <0.000171>
2019 03:48:35.608556 curl_strequal(0x5597b4713cad, 0x7f9cb87072ff, 0x7f9cb8706f6b, 0x7f9cb8739aeb) = 0 <0.000204>
2019 03:48:35.608833 curl_strequal(0x5597b47142f5, 0x7f9cb87072ff, 0x7f9cb8706f6b, 0x7f9cb8739aeb) = 0 <0.000174>
2019 03:48:35.609079 curl_strequal(0x5597b4713cb3, 0x7f9cb87072ff, 0x7f9cb8706f6b, 0x7f9cb8739aeb) = 0 <0.000172>
2019 03:48:35.609325 curl_strequal(0x5597b4713cb9, 0x7f9cb87072ff, 0x7f9cb8706f6b, 0x7f9cb8739aeb) = 0 <0.000173>
2019 03:48:35.609605 curl_strequal(0x5597b47122e6, 0x7f9cb87072ff, 0x7f9cb8706f6b, 0x7f9cb8739aeb) = 0 <0.000237>
2019 03:48:35.609890 curl_strequal(0x5597b4713cc1, 0x7f9cb87072ff, 0x7f9cb8706f6b, 0x7f9cb8739aeb) = 0 <0.000280>
2019 03:48:35.610246 curl_strequal(0x5597b4713cc7, 0x7f9cb87072ff, 0x7f9cb8706f6b, 0x7f9cb8739aeb) = 0 <0.000173>
2019 03:48:35.610492 curl_strequal(0x5597b4713ccd, 0x7f9cb87072ff, 0x7f9cb8706f6b, 0x7f9cb8739aeb) = 0 <0.000188>
2019 03:48:35.610755 curl_strequal(0x5597b4713cd9, 0x7f9cb87072ff, 0x7f9cb8706f6b, 0x7f9cb8739aeb) = 0 <0.000174>
2019 03:48:35.611001 curl_strequal(0x5597b4713cdd, 0x7f9cb87072ff, 0x7f9cb8706f6b, 0x7f9cb8739aeb) = 0 <0.000171>
2019 03:48:35.611244 curl_strequal(0x5597b4713ce2, 0x7f9cb87072ff, 0x7f9cb8706f6b, 0x7f9cb8739aeb) = 0 <0.000165>
2019 03:48:35.611523 curl_strequal(0x5597b4713ceb, 0x7f9cb87072ff, 0x7f9cb8706f6b, 0x7f9cb8739aeb) = 0 <0.000183>
2019 03:48:35.611782 curl_strequal(0x5597b4713cf5, 0x7f9cb87072ff, 0x7f9cb8706f6b, 0x7f9cb8739aeb) = 0 <0.000179>
2019 03:48:35.612025 curl_strequal(0x5597b4713cfa, 0x7f9cb87072ff, 0x7f9cb8706f6b, 0x7f9cb8739aeb) = 0 <0.000169>
2019 03:48:35.612262 curl_strequal(0x5597b4716415, 0x7f9cb87072ff, 0x7f9cb8706f6b, 0x7f9cb8739aeb) = 0 <0.000165>
2019 03:48:35.612490 curl_strequal(0x5597b4713d03, 0x7f9cb87072ff, 0x7f9cb8706f6b, 0x7f9cb8739aeb) = 0 <0.000172>
2019 03:48:35.612728 curl_strequal(0x5597b4713d0b, 0x7f9cb87072ff, 0x7f9cb8706f6b, 0x7f9cb8739aeb) = 0 <0.000165>
2019 03:48:35.612961 curl_strequal(0x5597b4713d0f, 0x7f9cb87072ff, 0x7f9cb8706f6b, 0x7f9cb8739aeb) = 0 <0.000168>
2019 03:48:35.613199 curl_strequal(0x5597b47128e8, 0x7f9cb87072ff, 0x7f9cb8706f6b, 0x7f9cb8739aeb) = 0 <0.000168>
2019 03:48:35.613435 curl_strequal(0x5597b4713d16, 0x7f9cb87072ff, 0x7f9cb8706f6b, 0x7f9cb8739aeb) = 0 <0.000186>
2019 03:48:35.613698 curl_strequal(0x5597b4713d1b, 0x7f9cb87072ff, 0x7f9cb8706f6b, 0x7f9cb8739aeb) = 0 <0.000189>
2019 03:48:35.614015 curl_strequal(0x5597b4713d27, 0x7f9cb87072ff, 0x7f9cb8706f6b, 0x7f9cb8739aeb) = 0 <0.000188>
2019 03:48:35.614281 curl_strequal(0x5597b4713d32, 0x7f9cb87072ff, 0x7f9cb8706f6b, 0x7f9cb8739aeb) = 0 <0.000188>
2019 03:48:35.614544 curl_strequal(0x5597b4713d3a, 0x7f9cb87072ff, 0x7f9cb8706f6b, 0x7f9cb8739aeb) = 0 <0.000216>
2019 03:48:35.614837 curl_strequal(0x5597b4713d46, 0x7f9cb87072ff, 0x7f9cb8706f6b, 0x7f9cb8739aeb) = 0 <0.000185>
2019 03:48:35.615104 curl_strequal(0x5597b4713d4e, 0x7f9cb87072ff, 0x7f9cb8706f6b, 0x7f9cb8739aeb) = 1 <0.000188>
2019 03:48:35.615369 curl_strequal(0x5597b4713366, 0x7f9cb8702919, 0x7f9cb8706f6b, 0x7f9cb8739aeb) = 0 <0.000187>
2019 03:48:35.615660 curl_strequal(0x5597b4713c93, 0x7f9cb8702919, 0x7f9cb8706f6b, 0x7f9cb8739aeb) = 0 <0.000187>
2019 03:48:35.615922 curl_strequal(0x5597b4713c9d, 0x7f9cb8702919, 0x7f9cb8706f6b, 0x7f9cb8739aeb) = 0 <0.000188>
2019 03:48:35.616185 curl_strequal(0x5597b4713ca4, 0x7f9cb8702919, 0x7f9cb8706f6b, 0x7f9cb8739aeb) = 0 <0.000184>
2019 03:48:35.616443 curl_strequal(0x5597b4713cad, 0x7f9cb8702919, 0x7f9cb8706f6b, 0x7f9cb8739aeb) = 0 <0.000192>
2019 03:48:35.616711 curl_strequal(0x5597b47142f5, 0x7f9cb8702919, 0x7f9cb8706f6b, 0x7f9cb8739aeb) = 0 <0.000180>
2019 03:48:35.616964 curl_strequal(0x5597b4713cb3, 0x7f9cb8702919, 0x7f9cb8706f6b, 0x7f9cb8739aeb) = 0 <0.000184>
2019 03:48:35.617224 curl_strequal(0x5597b4713cb9, 0x7f9cb8702919, 0x7f9cb8706f6b, 0x7f9cb8739aeb) = 0 <0.000185>
2019 03:48:35.617483 curl_strequal(0x5597b47122e6, 0x7f9cb8702919, 0x7f9cb8706f6b, 0x7f9cb8739aeb) = 0 <0.000206>
2019 03:48:35.617766 curl_strequal(0x5597b4713cc1, 0x7f9cb8702919, 0x7f9cb8706f6b, 0x7f9cb8739aeb) = 0 <0.000203>
2019 03:48:35.618030 curl_strequal(0x5597b4713cc7, 0x7f9cb8702919, 0x7f9cb8706f6b, 0x7f9cb8739aeb) = 0 <0.000145>
2019 03:48:35.618232 curl_strequal(0x5597b4713ccd, 0x7f9cb8702919, 0x7f9cb8706f6b, 0x7f9cb8739aeb) = 0 <0.000143>
2019 03:48:35.618433 curl_strequal(0x5597b4713cd9, 0x7f9cb8702919, 0x7f9cb8706f6b, 0x7f9cb8739aeb) = 0 <0.000183>
2019 03:48:35.618684 curl_strequal(0x5597b4713cdd, 0x7f9cb8702919, 0x7f9cb8706f6b, 0x7f9cb8739aeb) = 0 <0.000157>
2019 03:48:35.618897 curl_strequal(0x5597b4713ce2, 0x7f9cb8702919, 0x7f9cb8706f6b, 0x7f9cb8739aeb) = 0 <0.000149>
2019 03:48:35.619104 curl_strequal(0x5597b4713ceb, 0x7f9cb8702919, 0x7f9cb8706f6b, 0x7f9cb8739aeb) = 0 <0.000145>
2019 03:48:35.619307 curl_strequal(0x5597b4713cf5, 0x7f9cb8702919, 0x7f9cb8706f6b, 0x7f9cb8739aeb) = 0 <0.000147>
2019 03:48:35.619511 curl_strequal(0x5597b4713cfa, 0x7f9cb8702919, 0x7f9cb8706f6b, 0x7f9cb8739aeb) = 0 <0.000172>
2019 03:48:35.619741 curl_strequal(0x5597b4716415, 0x7f9cb8702919, 0x7f9cb8706f6b, 0x7f9cb8739aeb) = 0 <0.000145>
2019 03:48:35.619940 curl_strequal(0x5597b4713d03, 0x7f9cb8702919, 0x7f9cb8706f6b, 0x7f9cb8739aeb) = 0 <0.000162>
2019 03:48:35.620159 curl_strequal(0x5597b4713d0b, 0x7f9cb8702919, 0x7f9cb8706f6b, 0x7f9cb8739aeb) = 0 <0.000141>
2019 03:48:35.620373 curl_strequal(0x5597b4713d0f, 0x7f9cb8702919, 0x7f9cb8706f6b, 0x7f9cb8739aeb) = 0 <0.000143>
2019 03:48:35.620573 curl_strequal(0x5597b47128e8, 0x7f9cb8702919, 0x7f9cb8706f6b, 0x7f9cb8739aeb) = 0 <0.000173>
2019 03:48:35.620804 curl_strequal(0x5597b4713d16, 0x7f9cb8702919, 0x7f9cb8706f6b, 0x7f9cb8739aeb) = 0 <0.000144>
2019 03:48:35.621004 curl_strequal(0x5597b4713d1b, 0x7f9cb8702919, 0x7f9cb8706f6b, 0x7f9cb8739aeb) = 0 <0.000153>
2019 03:48:35.621212 curl_strequal(0x5597b4713d27, 0x7f9cb8702919, 0x7f9cb8706f6b, 0x7f9cb8739aeb) = 0 <0.000145>
2019 03:48:35.621412 curl_strequal(0x5597b4713d32, 0x7f9cb8702919, 0x7f9cb8706f6b, 0x7f9cb8739aeb) = 0 <0.000146>
2019 03:48:35.621647 curl_strequal(0x5597b4713d3a, 0x7f9cb8702919, 0x7f9cb8706f6b, 0x7f9cb8739aeb) = 0 <0.000153>
2019 03:48:35.621861 curl_strequal(0x5597b4713d46, 0x7f9cb8702919, 0x7f9cb8706f6b, 0x7f9cb8739aeb) = 0 <0.000176>
2019 03:48:35.622109 curl_strequal(0x5597b4713d4e, 0x7f9cb8702919, 0x7f9cb8706f6b, 0x7f9cb8739aeb) = 0 <0.000165>
2019 03:48:35.622342 curl_strequal(0x5597b4713d5a, 0x7f9cb8702919, 0x7f9cb8706f6b, 0x7f9cb8739aeb) = 1 <0.000168>
2019 03:48:35.622597 strncmp("libssh2", "libssh2/1.11.1", 7) = 0 <0.000253>
2019 03:48:35.622930 setlocale(LC_ALL, "")       = "C" <0.000193>
2019 03:48:35.623191 setlocale(LC_NUMERIC, "C")  = "C" <0.000166>
2019 03:48:35.623426 strcmp("--version", "--disable") = 18 <0.000215>
2019 03:48:35.623718 curl_getenv(0x5597b47130bf, 1, 0, 100) = 0 <0.000174>
2019 03:48:35.623959 curl_getenv(0x5597b47130c9, 1, 0, 100) = 0 <0.000174>
2019 03:48:35.624198 curl_getenv(0x5597b47130d4, 1, 0, 100) = 0x5597d8e76a30 <0.000166>
2019 03:48:35.624436 curl_maprintf(0x5597b4712f54, 0x5597d8e76a30, 0x5597b4714168, 0x726573752f656d) = 0x5597d8e793e0 <0.000197>
2019 03:48:35.624702 open("/home/user/.curlrc", 0, 00) = -1 <0.000270>
2019 03:48:35.625029 curl_free(0x5597d8e793e0, 0x5597d8e793e0, 0, 0x7f9cb846d877) = 7 <0.000153>
2019 03:48:35.625241 curl_free(0x5597d8e76a30, 6, 0x5597d8e38010, 0x5592819a1ac9) = 7 <0.000146>
2019 03:48:35.625443 curl_getenv(0x5597b47130bf, 6, 0x5597d8e38010, 0x5592819ae896) = 0 <0.000156>
2019 03:48:35.625666 curl_getenv(0x5597b47130d4, 6, 0x5597d8e38010, 0x5592819ae896) = 0x5597d8e76a30 <0.000156>
2019 03:48:35.625883 curl_maprintf(0x5597b4715fe8, 0x5597d8e76a30, 0x5597b47130d9, 0x726573752f656d) = 0x5597d8e793e0 <0.000241>
2019 03:48:35.626184 curl_free(0x5597d8e76a30, 0x7ffccb9b41bc, 0, 0xfffffff7) = 7 <0.000144>
2019 03:48:35.626386 curl_maprintf(0x5597b4712f54, 0x5597d8e793e0, 0x5597b4714169, 0x5592819ae896) = 0x5597d8e794b0 <0.000150>
2019 03:48:35.626604 open("/home/user/.config/curlrc", 0, 00) = -1 <0.000286>
2019 03:48:35.626951 curl_free(0x5597d8e794b0, 0x5597d8e794b0, 0, 0x5597d8e76a30) = 6 <0.000153>
2019 03:48:35.627160 curl_free(0x5597d8e793e0, 5, 0x5597d8e38010, 0x5592819acab9) = 7 <0.000126>
2019 03:48:35.627334 geteuid()                   = 1000 <0.000198>
2019 03:48:35.627630 getpwuid(1000, 6, 0x5597d8e38010, 0x7f9cb8518e37) = 0x7f9cb8629440 <0.001550>
2019 03:48:35.629248 curl_maprintf(0x5597b4712f54, 0x5597d8e78862, 0x5597b4714168, 0) = 0x5597d8e793e0 <0.000161>
2019 03:48:35.629470 open("/home/user/.curlrc", 0, 00) = -1 <0.000255>
2019 03:48:35.629791 curl_free(0x5597d8e793e0, 0x5597d8e793e0, 0, 0x2b6c2bf253ba2900) = 7 <0.000222>
2019 03:48:35.630083 free(nil)                   = <void> <0.000150>
2019 03:48:35.630299 strncmp("version", "expand-", 7) = 17 <0.000173>
2019 03:48:35.630537 strcmp("version", "ntlm-wb") = 8 <0.000232>
2019 03:48:35.630832 strcmp("version", "retry-max-time") = 4 <0.000156>
2019 03:48:35.631045 strcmp("version", "tftp-blksize") = 2 <0.000157>
2019 03:48:35.631262 strcmp("version", "trace-config") = 2 <0.000160>
2019 03:48:35.631481 strcmp("version", "user")   = 1 <0.000198>
2019 03:48:35.631740 strcmp("version", "version") = 0 <0.000155>
2019 03:48:35.631963 curl_strequal(0x5597b4713920, 0x7f9cb8707287, 0x5597b47178c8, 7) = 0 <0.000160>
2019 03:48:35.632184 curl_strequal(0x5597b4713920, 0x7f9cb870728f, 0x5597b47178c8, 7) = 0 <0.000149>
2019 03:48:35.632401 curl_strequal(0x5597b4713920, 0x7f9cb8707299, 0x5597b47178c8, 7) = 0 <0.000145>
2019 03:48:35.632640 curl_strequal(0x5597b4713920, 0x7f9cb87072a0, 0x5597b47178c8, 7) = 0 <0.000159>
2019 03:48:35.632860 curl_strequal(0x5597b4713920, 0x7f9cb87032c7, 0x5597b47178c8, 7) = 0 <0.000183>
2019 03:48:35.633101 curl_strequal(0x5597b4713920, 0x7f9cb87072a8, 0x5597b47178c8, 7) = 0 <0.000151>
2019 03:48:35.633310 curl_strequal(0x5597b4713920, 0x7f9cb87072ae, 0x5597b47178c8, 7) = 0 <0.000149>
2019 03:48:35.633516 curl_strequal(0x5597b4713920, 0x7f9cb87072b4, 0x5597b47178c8, 7) = 0 <0.000181>
2019 03:48:35.633760 curl_strequal(0x5597b4713920, 0x7f9cb87072c0, 0x5597b47178c8, 7) = 0 <0.000152>
2019 03:48:35.634090 curl_strequal(0x5597b4713920, 0x7f9cb87072c4, 0x5597b47178c8, 7) = 0 <0.000173>
2019 03:48:35.634315 curl_strequal(0x5597b4713920, 0x7f9cb87072c9, 0x5597b47178c8, 7) = 0 <0.000144>
2019 03:48:35.634512 curl_strequal(0x5597b4713920, 0x7f9cb87072d2, 0x5597b47178c8, 7) = 0 <0.000171>
2019 03:48:35.634737 curl_strequal(0x5597b4713920, 0x7f9cb87072dc, 0x5597b47178c8, 7) = 0 <0.000144>
2019 03:48:35.634932 curl_strequal(0x5597b4713920, 0x7f9cb8704819, 0x5597b47178c8, 7) = 0 <0.000143>
2019 03:48:35.635126 curl_strequal(0x5597b4713920, 0x7f9cb87072e1, 0x5597b47178c8, 7) = 0 <0.000142>
2019 03:48:35.635320 curl_strequal(0x5597b4713920, 0x7f9cb87072e5, 0x5597b47178c8, 7) = 0 <0.000146>
2019 03:48:35.635519 curl_strequal(0x5597b4713920, 0x7f9cb8703d59, 0x5597b47178c8, 7) = 0 <0.000162>
2019 03:48:35.635734 curl_strequal(0x5597b4713920, 0x7f9cb87072ec, 0x5597b47178c8, 7) = 0 <0.000140>
2019 03:48:35.635924 curl_strequal(0x5597b4713920, 0x7f9cb87072f7, 0x5597b47178c8, 7) = 0 <0.000146>
2019 03:48:35.636120 curl_strequal(0x5597b4713920, 0x7f9cb87072ff, 0x5597b47178c8, 7) = 0 <0.000142>
2019 03:48:35.636314 curl_strequal(0x5597b4713920, 0x7f9cb8702919, 0x5597b47178c8, 7) = 0 <0.000140>
2019 03:48:35.636504 curl_version(122, 0, 0x5597b47178c8, 7) = 0x7f9cb8739ce0 <0.008146>
2019 03:48:35.644768 curl_mprintf(0x5597b470ef88, 0x7f9cb8739ce0, 15, 0x30312e362e322f50) = 198 <0.000164>
2019 03:48:35.644966 curl_mprintf(0x5597b470efb0, 0x5597b4713937, 0x5597b4713926, 0x5597d8e7a836) = 61 <0.000114>
2019 03:48:35.645112 strcmp("dict", "http")      = -4 <0.000133>
2019 03:48:35.645275 strcmp("file", "http")      = -2 <0.000113>
2019 03:48:35.645417 strcmp("ftp", "http")       = -2 <0.000112>
2019 03:48:35.645556 strcmp("ftps", "http")      = -2 <0.000148>
2019 03:48:35.645733 strcmp("gopher", "http")    = -1 <0.000114>
2019 03:48:35.645875 strcmp("gophers", "http")   = -1 <0.000157>
2019 03:48:35.646062 strcmp("http", "http")      = 0 <0.000112>
2019 03:48:35.646202 strcmp("https", "ipfs")     = -1 <0.000118>
2019 03:48:35.646348 strcmp("imap", "ipfs")      = -3 <0.000116>
2019 03:48:35.646493 strcmp("imaps", "ipfs")     = -3 <0.000125>
2019 03:48:35.646654 strcmp("ldap", "ipfs")      = 3 <0.000112>
2019 03:48:35.646793 curl_mprintf(0x5597b4713947, 0x5597b4713942, 0, 105) = 10 <0.000114>
2019 03:48:35.646937 curl_strnequal(0x7f9cb8702cb9, 0x5597b4713952, 4, 0x5597d8e7a87d) = 0 <0.000117>
2019 03:48:35.647084 curl_mprintf(0x5597b47138f8, 0x7f9cb8702cb9, 4, 0x5597d8e7a87d) = 5 <0.000109>
2019 03:48:35.647221 curl_strnequal(0x7f9cb87066b7, 0x5597b4713952, 4, 0xfffffffb) = 0 <0.000111>
2019 03:48:35.647362 curl_mprintf(0x5597b47138f8, 0x7f9cb87066b7, 4, 0xfffffffb) = 5 <0.000110>
2019 03:48:35.648238 curl_strnequal(0x7f9cb8707310, 0x5597b4713952, 4, 0xfffffffb) = 0 <0.000269>
2019 03:48:35.648573 curl_mprintf(0x5597b47138f8, 0x7f9cb8707310, 4, 0xfffffffb) = 4 <0.000462>
2019 03:48:35.649376 curl_strnequal(0x7f9cb87044b2, 0x5597b4713952, 4, 0xfffffffc) = 0 <0.000165>
2019 03:48:35.649637 curl_mprintf(0x5597b47138f8, 0x7f9cb87044b2, 4, 0xfffffffc) = 5 <0.000158>
2019 03:48:35.649860 curl_strnequal(0x7f9cb87045c0, 0x5597b4713952, 4, 0xfffffffb) = 0 <0.000188>
2019 03:48:35.650113 curl_mprintf(0x5597b47138f8, 0x7f9cb87045c0, 4, 0xfffffffb) = 7 <0.000151>
2019 03:48:35.650322 curl_strnequal(0x7f9cb87045b8, 0x5597b4713952, 4, 0xfffffff9) = 0 <0.000173>
2019 03:48:35.650565 curl_mprintf(0x5597b47138f8, 0x7f9cb87045b8, 4, 0xfffffff9) = 8 <0.000231>
2019 03:48:35.650915 curl_strnequal(0x7f9cb8704983, 0x5597b4713952, 4, 0xfffffff8) = 0 <0.000177>
2019 03:48:35.651206 curl_mprintf(0x5597b47138f8, 0x7f9cb8704983, 4, 0xfffffff8) = 5 <0.000273>
2019 03:48:35.651567 curl_strnequal(0x7f9cb8702cf0, 0x5597b4713952, 4, 0xfffffffb) = 0 <0.000168>
2019 03:48:35.651787 curl_mprintf(0x5597b47138f8, 0x7f9cb8702cf0, 4, 0xfffffffb) = 6 <0.000143>
2019 03:48:35.651982 curl_strnequal(0x7f9cb8705458, 0x5597b4713952, 4, 0xfffffffa) = 0 <0.000146>
2019 03:48:35.652178 curl_mprintf(0x5597b47138f8, 0x7f9cb8705458, 4, 0xfffffffa) = 5 <0.000141>
2019 03:48:35.652368 curl_strnequal(0x7f9cb870545d, 0x5597b4713952, 4, 0xfffffffb) = 0 <0.000139>
2019 03:48:35.652557 curl_mprintf(0x5597b47138f8, 0x7f9cb870545d, 4, 0xfffffffb) = 6 <0.000165>
2019 03:48:35.652775 curl_mprintf(0x5597b4713957, 0x7f9cb861c5c0, 0, 0xfffffffa) = 10 <0.000145>
2019 03:48:35.652971 curl_strnequal(0x7f9cb8705bbf, 0x5597b4713952, 4, 0x5597d8e7a8bf) = 0 <0.000140>
2019 03:48:35.653163 curl_mprintf(0x5597b47138f8, 0x7f9cb8705bbf, 4, 0x5597d8e7a8bf) = 5 <0.000144>
2019 03:48:35.653358 curl_strnequal(0x7f9cb8705bc4, 0x5597b4713952, 4, 0xfffffffb) = 0 <0.000141>
2019 03:48:35.653551 curl_mprintf(0x5597b47138f8, 0x7f9cb8705bc4, 4, 0xfffffffb) = 6 <0.000177>
2019 03:48:35.653783 curl_strnequal(0x7f9cb8705862, 0x5597b4713952, 4, 0xfffffffa) = 0 <0.000189>
2019 03:48:35.654026 curl_mprintf(0x5597b47138f8, 0x7f9cb8705862, 4, 0xfffffffa) = 5 <0.000144>
2019 03:48:35.654222 curl_strnequal(0x7f9cb8705d28, 0x5597b4713952, 4, 0xfffffffb) = 0 <0.000144>
2019 03:48:35.654417 curl_mprintf(0x5597b47138f8, 0x7f9cb8705d28, 4, 0xfffffffb) = 5 <0.000140>
2019 03:48:35.654620 curl_strnequal(0x7f9cb8705d22, 0x5597b4713952, 4, 0xfffffffb) = 0 <0.000144>
2019 03:48:35.654814 curl_mprintf(0x5597b47138f8, 0x7f9cb8705d22, 4, 0xfffffffb) = 6 <0.000141>
2019 03:48:35.655007 curl_strnequal(0x7f9cb8702a99, 0x5597b4713952, 4, 0xfffffffa) = 1 <0.000145>
2019 03:48:35.655204 curl_mprintf(0x5597b47138f8, 0x7f9cb8702a99, 4, 0xfffffffa) = 5 <0.000144>
2019 03:48:35.655399 curl_strnequal(0x7f9cb8702a8d, 0x5597b4713952, 4, 0xfffffffb) = 1 <0.000142>
2019 03:48:35.655612 curl_strnequal(0x7f9cb8702a80, 0x5597b4713952, 4, 0xfffffffb) = 1 <0.000142>
2019 03:48:35.655806 curl_strnequal(0x7f9cb8702a93, 0x5597b4713952, 4, 0xfffffffb) = 1 <0.000140>
2019 03:48:35.655997 curl_strnequal(0x7f9cb8702a86, 0x5597b4713952, 4, 0xfffffffb) = 1 <0.000142>
2019 03:48:35.656191 curl_strnequal(0x7f9cb8702a79, 0x5597b4713952, 4, 0xfffffffb) = 1 <0.000142>
2019 03:48:35.656383 curl_strnequal(0x7f9cb8705f54, 0x5597b4713952, 4, 0xfffffffb) = 0 <0.000141>
2019 03:48:35.656592 curl_mprintf(0x5597b47138f8, 0x7f9cb8705f54, 4, 0xfffffffb) = 5 <0.000146>
2019 03:48:35.656788 curl_strnequal(0x7f9cb870730b, 0x5597b4713952, 4, 0xfffffffb) = 0 <0.000140>
2019 03:48:35.656981 curl_mprintf(0x5597b47138f8, 0x7f9cb870730b, 4, 0xfffffffb) = 4 <0.000143>
2019 03:48:35.657175 curl_strnequal(0x7f9cb870730f, 0x5597b4713952, 4, 0xfffffffc) = 0 <0.000143>
2019 03:48:35.657370 curl_mprintf(0x5597b47138f8, 0x7f9cb870730f, 4, 0xfffffffc) = 5 <0.000144>
2019 03:48:35.657563 curl_strnequal(0x7f9cb870607b, 0x5597b4713952, 4, 0xfffffffb) = 0 <0.000170>
2019 03:48:35.657787 curl_mprintf(0x5597b47138f8, 0x7f9cb870607b, 4, 0xfffffffb) = 4 <0.000220>
2019 03:48:35.658061 curl_strnequal(0x7f9cb8706076, 0x5597b4713952, 4, 0xfffffffc) = 0 <0.000146>
2019 03:48:35.658259 curl_mprintf(0x5597b47138f8, 0x7f9cb8706076, 4, 0xfffffffc) = 5 <0.000145>
2019 03:48:35.658455 curl_strnequal(0x7f9cb87062c2, 0x5597b4713952, 4, 0xfffffffb) = 0 <0.000185>
2019 03:48:35.658693 curl_mprintf(0x5597b47138f8, 0x7f9cb87062c2, 4, 0xfffffffb) = 5 <0.000142>
2019 03:48:35.658884 curl_strnequal(0x7f9cb87062c7, 0x5597b4713952, 4, 0xfffffffb) = 0 <0.000138>
2019 03:48:35.659078 curl_mprintf(0x5597b47138f8, 0x7f9cb87062c7, 4, 0xfffffffb) = 6 <0.000143>
2019 03:48:35.659272 curl_strnequal(0x7f9cb8706caa, 0x5597b4713952, 4, 0xfffffffa) = 0 <0.000143>
2019 03:48:35.659476 curl_mprintf(0x5597b47138f8, 0x7f9cb8706caa, 4, 0xfffffffa) = 7 <0.000162>
2019 03:48:35.659688 curl_strnequal(0x7f9cb8706f6b, 0x5597b4713952, 4, 0xfffffff9) = 0 <0.000142>
2019 03:48:35.659879 curl_mprintf(0x5597b47138f8, 0x7f9cb8706f6b, 4, 0xfffffff9) = 5 <0.000154>
2019 03:48:35.660083 curl_strnequal(0x7f9cb8704fb5, 0x5597b4713952, 4, 0xfffffffb) = 0 <0.000144>
2019 03:48:35.660277 curl_mprintf(0x5597b47138f8, 0x7f9cb8704fb5, 4, 0xfffffffb) = 3 <0.000142>
2019 03:48:35.660470 curl_strnequal(0x7f9cb8707314, 0x5597b4713952, 4, 0xfffffffd) = 0 <0.000152>
2019 03:48:35.660672 curl_mprintf(0x5597b47138f8, 0x7f9cb8707314, 4, 0xfffffffd) = 4 <0.000141>
2019 03:48:35.660865 puts("")                    = 1 <0.000159>
2019 03:48:35.661079 malloc(176)                 = 0x5597d8e77f10 <0.000148>
2019 03:48:35.661279 memcpy(0x5597d8e77f10, "\207rp\270\234\177\0\0\217rp\270\234\177\0\0\231rp\270\234\177\0\0\240rp\270\234\177\0\0\3072p\270\234\177\0\0\250rp\270\234\177\0\0\256rp\270\234\177\0\0\264rp\270\234\177\0\0\300rp\270\234\177\0\0\304rp\270\234\177\0\0\311rp\270\234\177\0\0\322rp\270\234\177\0\0\334rp\270\234\177\0\0\031Hp\270\234\177\0\0\341rp\270\234\177\0\0\345rp\270\234\177\0\0Y=p\270\234\177\0\0\354rp\270\234\177\0\0\367rp\270\234\177\0\0\377rp\270\234\177\0\0\031)p\270\234\177\0\0", 168) = 0x5597d8e77f10 <0.000181>
2019 03:48:35.661510 qsort(0x5597d8e77f10, 21, 8, 0x5597b4709750 <unfinished ...>
2019 03:48:35.661703 strcasecmp("alt-svc", "AsynchDNS") = -7 <0.000166>
2019 03:48:35.661919 strcasecmp("GSS-API", "HSTS") = -1 <0.000180>
2019 03:48:35.662152 strcasecmp("brotli", "GSS-API") = -5 <0.000145>
2019 03:48:35.662348 strcasecmp("alt-svc", "brotli") = -1 <0.000144>
2019 03:48:35.662542 strcasecmp("AsynchDNS", "brotli") = -1 <0.000176>
2019 03:48:35.662767 strcasecmp("HTTP2", "HTTP3") = -1 <0.000143>
2019 03:48:35.662959 strcasecmp("IDN", "IPv6")   = -12 <0.000149>
2019 03:48:35.663159 strcasecmp("HTTPS-proxy", "IDN") = -1 <0.000146>
2019 03:48:35.663354 strcasecmp("HTTP2", "HTTPS-proxy") = -65 <0.000144>
2019 03:48:35.663547 strcasecmp("HTTP3", "HTTPS-proxy") = -64 <0.000172>
2019 03:48:35.663768 strcasecmp("alt-svc", "HTTP2") = -7 <0.000144>
2019 03:48:35.663961 strcasecmp("AsynchDNS", "HTTP2") = -7 <0.000144>
2019 03:48:35.664155 strcasecmp("brotli", "HTTP2") = -6 <0.000145>
2019 03:48:35.664347 strcasecmp("GSS-API", "HTTP2") = -1 <0.000141>
2019 03:48:35.664537 strcasecmp("HSTS", "HTTP2") = -1 <0.000159>
2019 03:48:35.664746 strcasecmp("Kerberos", "Largefile") = -1 <0.000144>
2019 03:48:35.664938 strcasecmp("NTLM", "PSL")   = -2 <0.000142>
2019 03:48:35.665129 strcasecmp("libz", "NTLM")  = -2 <0.000143>
2019 03:48:35.665322 strcasecmp("Kerberos", "libz") = -1 <0.000144>
2019 03:48:35.665515 strcasecmp("Largefile", "libz") = -8 <0.000171>
2019 03:48:35.665739 strcasecmp("SSL", "threadsafe") = -1 <0.000147>
2019 03:48:35.666019 strcasecmp("SPNEGO", "SSL") = -3 <0.000144>
2019 03:48:35.666213 strcasecmp("UnixSockets", "zstd") = -5 <0.000146>
2019 03:48:35.666409 strcasecmp("TLS-SRP", "UnixSockets") = -1 <0.000144>
2019 03:48:35.666643 strcasecmp("SPNEGO", "TLS-SRP") = -1 <0.000148>
2019 03:48:35.666841 strcasecmp("SSL", "TLS-SRP") = -1 <0.000147>
2019 03:48:35.667037 strcasecmp("threadsafe", "TLS-SRP") = -4 <0.000146>
2019 03:48:35.667232 strcasecmp("Kerberos", "SPNEGO") = -8 <0.000141>
2019 03:48:35.667421 strcasecmp("Largefile", "SPNEGO") = -7 <0.000143>
2019 03:48:35.667636 strcasecmp("libz", "SPNEGO") = -7 <0.000144>
2019 03:48:35.667828 strcasecmp("NTLM", "SPNEGO") = -5 <0.000146>
2019 03:48:35.668023 strcasecmp("PSL", "SPNEGO") = -3 <0.000145>
2019 03:48:35.668217 strcasecmp("alt-svc", "Kerberos") = -10 <0.000146>
2019 03:48:35.668412 strcasecmp("AsynchDNS", "Kerberos") = -10 <0.000145>
2019 03:48:35.668620 strcasecmp("brotli", "Kerberos") = -9 <0.000145>
2019 03:48:35.668814 strcasecmp("GSS-API", "Kerberos") = -4 <0.000142>
2019 03:48:35.669006 strcasecmp("HSTS", "Kerberos") = -3 <0.000144>
2019 03:48:35.669200 strcasecmp("HTTP2", "Kerberos") = -3 <0.000143>
2019 03:48:35.669401 strcasecmp("HTTP3", "Kerberos") = -3 <0.000144>
2019 03:48:35.669612 strcasecmp("HTTPS-proxy", "Kerberos") = -3 <0.000149>
2019 03:48:35.669812 strcasecmp("IDN", "Kerberos") = -2 <0.000269>
2019 03:48:35.670154 strcasecmp("IPv6", "Kerberos") = -2 <0.000179>
2019 03:48:35.670418 <... qsort resumed> )       = <void> <0.008900>
2019 03:48:35.670490 curl_mprintf(0x5597b4713962, 0x7ffccb9b5990, 80, 107) = 9 <0.000206>
2019 03:48:35.670775 curl_mprintf(0x5597b47138f8, 0x7f9cb8707287, 0, 0x5597d8e7a91e) = 8 <0.000176>
2019 03:48:35.671027 curl_mprintf(0x5597b47138f8, 0x7f9cb870728f, 0, 0xfffffff8) = 10 <0.000178>
2019 03:48:35.671284 curl_mprintf(0x5597b47138f8, 0x7f9cb8707299, 0, 0xfffffff6) = 7 <0.000174>
2019 03:48:35.671534 curl_mprintf(0x5597b47138f8, 0x7f9cb87072a0, 0, 0xfffffff9) = 8 <0.000215>
2019 03:48:35.671826 curl_mprintf(0x5597b47138f8, 0x7f9cb87032c7, 0, 0xfffffff8) = 5 <0.000173>
2019 03:48:35.672089 curl_mprintf(0x5597b47138f8, 0x7f9cb87072a8, 0, 0xfffffffb) = 6 <0.000175>
2019 03:48:35.672342 curl_mprintf(0x5597b47138f8, 0x7f9cb87072ae, 0, 0xfffffffa) = 6 <0.000174>
2019 03:48:35.672619 curl_mprintf(0x5597b47138f8, 0x7f9cb87072b4, 0, 0xfffffffa) = 12 <0.000178>
2019 03:48:35.672873 curl_mprintf(0x5597b47138f8, 0x7f9cb87072c0, 0, 0xfffffff4) = 4 <0.000174>
2019 03:48:35.673125 curl_mprintf(0x5597b47138f8, 0x7f9cb87072c4, 0, 0xfffffffc) = 5 <0.000173>
2019 03:48:35.673375 curl_mprintf(0x5597b47138f8, 0x7f9cb87072c9, 0, 0xfffffffb) = 9 <0.000175>
2019 03:48:35.673671 curl_mprintf(0x5597b47138f8, 0x7f9cb87072d2, 0, 0xfffffff7) = 10 <0.000183>
2019 03:48:35.673995 curl_mprintf(0x5597b47138f8, 0x7f9cb87072dc, 0, 0xfffffff6) = 5 <0.000192>
2019 03:48:35.674263 curl_mprintf(0x5597b47138f8, 0x7f9cb8704819, 0, 0xfffffffb) = 5 <0.000172>
2019 03:48:35.674513 curl_mprintf(0x5597b47138f8, 0x7f9cb87072e1, 0, 0xfffffffb) = 4 <0.000200>
2019 03:48:35.674790 curl_mprintf(0x5597b47138f8, 0x7f9cb87072e5, 0, 0xfffffffc) = 7 <0.000173>
2019 03:48:35.675040 curl_mprintf(0x5597b47138f8, 0x7f9cb8703d59, 0, 0xfffffff9) = 4 <0.000178>
2019 03:48:35.675297 curl_mprintf(0x5597b47138f8, 0x7f9cb87072ec, 0, 0xfffffffc) = 11 <0.000174>
2019 03:48:35.675549 curl_mprintf(0x5597b47138f8, 0x7f9cb87072f7, 0, 0xfffffff5) = 8 <0.000200>
2019 03:48:35.675826 curl_mprintf(0x5597b47138f8, 0x7f9cb87072ff, 0, 0xfffffff8) = 12 <0.000171>
2019 03:48:35.676078 curl_mprintf(0x5597b47138f8, 0x7f9cb8702919, 0, 0xfffffff4) = 5 <0.000176>
2019 03:48:35.676331 puts("")                    = 1 <0.000180>
2019 03:48:35.676608 free(0x5597d8e77f10)        = <void> <0.000182>
2019 03:48:35.676872 strcmp("8.14.1", "8.14.1")  = 0 <0.000181>
2019 03:48:35.677134 curl_free(0, 0x7f9cb870722a, 0x5597d8e38010, 0) = 0x7f9cb87395e8 <0.000184>
2019 03:48:35.677395 curl_global_cleanup(0, 0x7f9cb870722a, 0x5597d8e38010, 0) = 0 <0.000212>
2019 03:48:35.677687 free(nil)                   = <void> <0.000175>
2019 03:48:35.678030 free(nil)                   = <void> <0.000174>
2019 03:48:35.678299 free(nil)                   = <void> <0.000173>
2019 03:48:35.678552 free(nil)                   = <void> <0.000195>
2019 03:48:35.678824 free(nil)                   = <void> <0.000171>
2019 03:48:35.679078 free(nil)                   = <void> <0.000172>
2019 03:48:35.679328 curl_slist_free_all(0, 0, 0, 0) = 0 <0.000190>
2019 03:48:35.679623 free(nil)                   = <void> <0.000174>
2019 03:48:35.679877 curl_slist_free_all(0, 0, 0, 0) = 0 <0.000192>
2019 03:48:35.680148 free(nil)                   = <void> <0.000176>
2019 03:48:35.680400 free(nil)                   = <void> <0.000170>
2019 03:48:35.680661 free(nil)                   = <void> <0.000172>
2019 03:48:35.680928 free(nil)                   = <void> <0.000170>
2019 03:48:35.681175 free(nil)                   = <void> <0.000174>
2019 03:48:35.681429 free(nil)                   = <void> <0.000221>
2019 03:48:35.681728 free(nil)                   = <void> <0.000173>
2019 03:48:35.681967 free(nil)                   = <void> <0.000141>
2019 03:48:35.682160 free(nil)                   = <void> <0.000136>
2019 03:48:35.682353 free(nil)                   = <void> <0.000138>
2019 03:48:35.682540 free(nil)                   = <void> <0.000153>
2019 03:48:35.682741 free(nil)                   = <void> <0.000136>
2019 03:48:35.682925 free(nil)                   = <void> <0.000143>
2019 03:48:35.683117 free(nil)                   = <void> <0.000139>
2019 03:48:35.683304 free(nil)                   = <void> <0.000136>
2019 03:48:35.683489 free(nil)                   = <void> <0.000168>
2019 03:48:35.683706 free(nil)                   = <void> <0.000137>
2019 03:48:35.683891 free(nil)                   = <void> <0.000136>
2019 03:48:35.684078 free(nil)                   = <void> <0.000136>
2019 03:48:35.684264 free(nil)                   = <void> <0.000134>
2019 03:48:35.684448 free(nil)                   = <void> <0.000162>
2019 03:48:35.684660 free(nil)                   = <void> <0.000138>
2019 03:48:35.684848 curl_slist_free_all(0, 0, 0, 0) = 0 <0.000157>
2019 03:48:35.685076 free(nil)                   = <void> <0.000140>
2019 03:48:35.685265 free(nil)                   = <void> <0.000136>
2019 03:48:35.685450 free(nil)                   = <void> <0.000158>
2019 03:48:35.685666 free(nil)                   = <void> <0.000144>
2019 03:48:35.685864 free(nil)                   = <void> <0.000233>
2019 03:48:35.686206 free(nil)                   = <void> <0.000190>
2019 03:48:35.686462 free(nil)                   = <void> <0.000181>
2019 03:48:35.686703 free(nil)                   = <void> <0.000146>
2019 03:48:35.686910 free(nil)                   = <void> <0.000142>
2019 03:48:35.687112 free(nil)                   = <void> <0.000141>
2019 03:48:35.687311 free(nil)                   = <void> <0.000140>
2019 03:48:35.687510 free(nil)                   = <void> <0.000160>
2019 03:48:35.687731 free(nil)                   = <void> <0.000141>
2019 03:48:35.687929 free(nil)                   = <void> <0.000143>
2019 03:48:35.688132 free(nil)                   = <void> <0.000148>
2019 03:48:35.688341 free(nil)                   = <void> <0.000144>
2019 03:48:35.688542 free(nil)                   = <void> <0.000179>
2019 03:48:35.688779 free(nil)                   = <void> <0.000140>
2019 03:48:35.688976 free(nil)                   = <void> <0.000146>
2019 03:48:35.689180 free(nil)                   = <void> <0.000144>
2019 03:48:35.689382 free(nil)                   = <void> <0.000148>
2019 03:48:35.689631 free(nil)                   = <void> <0.000164>
2019 03:48:35.689852 free(nil)                   = <void> <0.000206>
2019 03:48:35.690117 free(nil)                   = <void> <0.000140>
2019 03:48:35.690317 free(nil)                   = <void> <0.000144>
2019 03:48:35.690518 free(nil)                   = <void> <0.000166>
2019 03:48:35.690742 free(nil)                   = <void> <0.000141>
2019 03:48:35.690941 free(nil)                   = <void> <0.000146>
2019 03:48:35.691144 free(nil)                   = <void> <0.000142>
2019 03:48:35.691343 free(nil)                   = <void> <0.000142>
2019 03:48:35.691544 free(nil)                   = <void> <0.000179>
2019 03:48:35.691781 free(nil)                   = <void> <0.000139>
2019 03:48:35.691976 free(nil)                   = <void> <0.000145>
2019 03:48:35.692178 free(nil)                   = <void> <0.000142>
2019 03:48:35.692374 free(nil)                   = <void> <0.000137>
2019 03:48:35.692570 free(nil)                   = <void> <0.000176>
2019 03:48:35.692805 free(nil)                   = <void> <0.000138>
2019 03:48:35.693001 free(nil)                   = <void> <0.000150>
2019 03:48:35.693208 free(nil)                   = <void> <0.000141>
2019 03:48:35.693406 free(nil)                   = <void> <0.000144>
2019 03:48:35.693634 free(nil)                   = <void> <0.000148>
2019 03:48:35.693842 free(nil)                   = <void> <0.000211>
2019 03:48:35.694123 free(nil)                   = <void> <0.000185>
2019 03:48:35.694379 free(nil)                   = <void> <0.000165>
2019 03:48:35.694641 free(nil)                   = <void> <0.000165>
2019 03:48:35.694874 curl_slist_free_all(0, 0, 0, 0) = 0 <0.000186>
2019 03:48:35.695144 curl_slist_free_all(0, 0, 0, 0) = 0 <0.000169>
2019 03:48:35.695380 curl_slist_free_all(0, 0, 0, 0) = 0 <0.000168>
2019 03:48:35.695636 curl_slist_free_all(0, 0, 0, 0) = 0 <0.000169>
2019 03:48:35.695871 curl_slist_free_all(0, 0, 0, 0) = 0 <0.000168>
2019 03:48:35.696107 curl_mime_free(0, 0, 0, 0)  = 0 <0.000177>
2019 03:48:35.696354 curl_slist_free_all(0, 0, 0, 0) = 0 <0.000169>
2019 03:48:35.696602 curl_slist_free_all(0, 0, 0, 0) = 0 <0.000195>
2019 03:48:35.696868 curl_slist_free_all(0, 0, 0, 0) = 0 <0.000167>
2019 03:48:35.697105 free(nil)                   = <void> <0.000162>
2019 03:48:35.697333 free(nil)                   = <void> <0.000162>
2019 03:48:35.697561 free(nil)                   = <void> <0.000221>
2019 03:48:35.697852 free(nil)                   = <void> <0.000199>
2019 03:48:35.698121 free(nil)                   = <void> <0.000160>
2019 03:48:35.698348 free(nil)                   = <void> <0.000164>
2019 03:48:35.698606 free(nil)                   = <void> <0.000169>
2019 03:48:35.698842 free(nil)                   = <void> <0.000178>
2019 03:48:35.699091 free(nil)                   = <void> <0.000160>
2019 03:48:35.699315 free(nil)                   = <void> <0.000160>
2019 03:48:35.699540 free(nil)                   = <void> <0.000193>
2019 03:48:35.699800 free(0x5597d8e599a0)        = <void> <0.000179>
2019 03:48:35.700966 +++ exited (status 0) +++
