mkdir: cannot create directory '/opt/security-tools': Permission denied
[apt update]
apt	radare2	FAIL	100	/home/user/tool-install-logs/apt-radare2.log
apt	gdb	PASS	0	installed
apt	lldb	PASS	0	installed
apt	binutils	PASS	0	installed
apt	gawk	PASS	0	installed
apt	patchelf	PASS	0	installed
apt	strace	PASS	0	installed
apt	ltrace	PASS	0	installed
apt	qemu-user-static	PASS	0	installed
apt	build-essential	PASS	0	installed
apt	cmake	PASS	0	installed
apt	golang-go	PASS	0	installed
apt	rustc	PASS	0	installed
apt	cargo	PASS	0	installed
apt	python3-dev	PASS	0	installed
apt	python3-venv	PASS	0	installed
apt	yara	PASS	0	installed
apt	afl++	PASS	0	installed
apt	radamsa	FAIL	100	/home/user/tool-install-logs/apt-radamsa.log
apt	nmap	PASS	0	installed
apt	masscan	PASS	0	installed
apt	tcpdump	PASS	0	installed
apt	tshark	PASS	0	installed
apt	zeek-client	FAIL	100	/home/user/tool-install-logs/apt-zeek-client.log
apt	suricata	PASS	0	installed
apt	hping3	PASS	0	installed
apt	netcat-openbsd	PASS	0	installed
apt	socat	PASS	0	installed
apt	dnsutils	PASS	0	installed
apt	ethtool	PASS	0	installed
apt	arp-scan	PASS	0	installed
apt	sqlmap	PASS	0	installed
apt	nikto	FAIL	100	/home/user/tool-install-logs/apt-nikto.log
apt	ffuf	PASS	0	installed
apt	feroxbuster	FAIL	100	/home/user/tool-install-logs/apt-feroxbuster.log
apt	gobuster	PASS	0	installed
apt	wpscan	FAIL	100	/home/user/tool-install-logs/apt-wpscan.log
apt	whatweb	PASS	0	installed
apt	theharvester	FAIL	100	/home/user/tool-install-logs/apt-theharvester.log
apt	joomscan	FAIL	100	/home/user/tool-install-logs/apt-joomscan.log
apt	droopescan	FAIL	100	/home/user/tool-install-logs/apt-droopescan.log
apt	hydra	PASS	0	installed
apt	medusa	PASS	0	installed
apt	ncrack	PASS	0	installed
apt	cewl	PASS	0	installed
apt	crunch	PASS	0	installed
apt	smbclient	PASS	0	installed
apt	ldap-utils	PASS	0	installed
apt	krb5-user	PASS	0	installed
apt	dnsrecon	PASS	0	installed
apt	fierce	PASS	0	installed
apt	enum4linux	FAIL	100	/home/user/tool-install-logs/apt-enum4linux.log
apt	proxychains4	PASS	0	installed
apt	binwalk	PASS	0	installed
apt	aircrack-ng	PASS	0	installed
apt	reaver	PASS	0	installed
apt	steghide	PASS	0	installed
apt	libimage-exiftool-perl	PASS	0	installed
apt	foremost	PASS	0	installed
apt	testdisk	PASS	0	installed
apt	sleuthkit	PASS	0	installed
apt	ssdeep	PASS	0	installed
apt	tlsh	FAIL	100	/home/user/tool-install-logs/apt-tlsh.log
apt	yq	PASS	0	installed
apt	jq	PASS	0	installed
apt	sqlite3	PASS	0	installed
apt	postgresql-client	PASS	0	installed
apt	redis-tools	PASS	0	installed
apt	tmux	PASS	0	installed
apt	pandoc	PASS	0	installed
apt	graphviz	PASS	0	installed
apt	file	PASS	0	installed
apt	lsof	PASS	0	installed
scripts/setup_full.sh: line 9: safe: unbound variable
